== compare vs E2e
arm A boots: serve started 2026-09-27T21:54:39Z (2 panel(s))
arm B boots: serve started 2026-09-28T01:08:03Z (2 panel(s))
cell     boots  tok/s A  tok/s B  tok/s change [95% CI]     step_ms change            acc_len change            acc paired bootstrap      verdict
A         1/1     20.19    20.02  -0.8% [-2.6,+1.0]         -0.5% [-1.0,+0.0]         -1.4% [-3.3,+0.5]         -1.4% [-3.5,+1.6]         INCONCLUSIVE(single-boot)
B         1/1     36.28    35.18  -3.0% [-3.7,-2.3]         +0.2% [-0.3,+0.6]         -2.8% [-3.4,-2.1]         -2.8% [-4.6,-1.0]         INCONCLUSIVE(single-boot)
J@c1      1/1     71.45    71.58  +0.2% [-0.3,+0.7]         -0.2% [-0.7,+0.3]         +0.0% [+0.0,+0.0]         -                         INCONCLUSIVE(single-boot)
J@c2      1/1     61.53    59.71  -3.0% [-8.0,+2.1]         +3.1% [-2.2,+8.3]         -0.3% [-1.0,+0.3]         -                         INCONCLUSIVE(single-boot)
H         1/1     14.40    14.18  -1.5% [-4.4,+1.3]         +0.1% [-0.7,+0.9]         -1.3% [-3.7,+1.1]         -                         INCONCLUSIVE(single-boot)
K@c1      1/1     20.20    19.43  -3.8% [-12.5,+4.9]        -0.3% [-0.5,-0.1]         -4.1% [-12.7,+4.5]        -                         INCONCLUSIVE(single-boot)
K@c2      1/1     15.16    15.02  -1.0% [-10.4,+8.5]        +1.4% [-3.9,+6.8]         +0.6% [-6.6,+7.7]         -                         INCONCLUSIVE(single-boot)
single-boot: an arm has < 2 boots, so the intervals are within-boot (same-boot panels) and a verdict needs one to clear +-4.0% (--boot-band). Run 2 boots per arm, ABAB.
== compare vs E0
arm A boots: evidence/e0-nvidia-v11 (2 panel(s))
arm B boots: serve started 2026-09-28T01:08:03Z (2 panel(s))
cell     boots  tok/s A  tok/s B  tok/s change [95% CI]     step_ms change            acc_len change            acc paired bootstrap      verdict
A         1/1     19.73    20.02  +1.5% [+0.4,+2.5]         -3.9% [-4.2,-3.7]         -2.6% [-3.3,-1.8]         -2.6% [-5.3,+0.1]         INCONCLUSIVE(single-boot)
B         1/1     34.64    35.18  +1.5% [+0.1,+3.0]         -3.3% [-3.6,-2.9]         -1.9% [-2.8,-0.9]         -1.9% [-4.2,+0.3]         INCONCLUSIVE(single-boot)
J@c1      1/1     68.87    71.58  +3.9% [+3.9,+4.0]         -3.8% [-3.9,-3.7]         +0.0% [+0.0,+0.0]         -                         INCONCLUSIVE(single-boot)
J@c2      1/1     56.20    59.71  +6.2% [+0.1,+12.4]        -4.5% [-10.2,+1.1]        +0.9% [+0.1,+1.7]         -                         INCONCLUSIVE(single-boot)
H         1/1     13.87    14.18  +2.3% [-0.8,+5.4]         -2.9% [-3.4,-2.4]         -0.7% [-4.2,+2.9]         -                         INCONCLUSIVE(single-boot)
K@c1      1/1     18.94    19.43  +2.6% [-6.5,+11.8]        -3.7% [-4.1,-3.3]         -1.2% [-10.2,+7.8]        -                         INCONCLUSIVE(single-boot)
K@c2      1/1     15.37    15.02  -2.3% [-9.6,+5.0]         +1.5% [-4.6,+7.6]         -0.8% [-7.7,+6.2]         -                         INCONCLUSIVE(single-boot)
single-boot: an arm has < 2 boots, so the intervals are within-boot (same-boot panels) and a verdict needs one to clear +-4.0% (--boot-band). Run 2 boots per arm, ABAB.
== T vs E2e
arm A boots: serve started 2026-09-27T21:54:39Z (1 panel(s))
arm B boots: serve started 2026-09-28T01:08:03Z (1 panel(s))
cell     boots  tok/s A  tok/s B  tok/s change [95% CI]     step_ms change            acc_len change            acc paired bootstrap      verdict
T         1/1     24.88    25.40  +2.1%                     -0.3%                     +1.6%                     +1.6% [-1.8,+5.1]         INCONCLUSIVE(single-boot)
single-boot: an arm has < 2 boots, so the intervals are within-boot (same-boot panels) and a verdict needs one to clear +-4.0% (--boot-band). Run 2 boots per arm, ABAB.
== per_pos
cell     run              tok/s  step_ms  acc_len  per_pos p1..p7
A        e2e-b1           20.02    111.0    2.230  0.626 0.323 0.157 0.061 0.026 0.012 0.005
A        e2e-b2           20.35    111.5    2.273  0.620 0.341 0.150 0.075 0.037 0.014 0.005
A        b1               19.94    110.9    2.214  0.613 0.332 0.157 0.059 0.023 0.008 0.004
A        b2               20.11    110.6    2.226  0.637 0.328 0.156 0.060 0.023 0.009 0.003
A        e0-b1            19.79    115.3    2.285  0.640 0.345 0.169 0.065 0.029 0.012 0.003
B        e2e-b1           36.41    115.8    4.238  0.832 0.670 0.533 0.406 0.314 0.228 0.163
B        e2e-b2           36.15    116.1    4.212  0.838 0.668 0.519 0.415 0.306 0.239 0.180
B        b1               35.16    116.4    4.115  0.822 0.654 0.494 0.388 0.298 0.217 0.163
B        b2               35.19    115.9    4.103  0.814 0.643 0.504 0.392 0.295 0.221 0.165
B        e0-b1            34.90    120.0    4.207  0.817 0.657 0.515 0.406 0.322 0.238 0.182
J@c1     e2e-b1           71.28    111.7    8.000  1.000 1.000 1.000 1.000 1.000 1.000 1.000
J@c1     e2e-b2           71.62    111.1    8.000  1.000 1.000 1.000 1.000 1.000 1.000 1.000
J@c1     b1               71.56    111.2    8.000  1.000 1.000 1.000 1.000 1.000 1.000 1.000
J@c1     b2               71.60    111.2    8.000  1.000 1.000 1.000 1.000 1.000 1.000 1.000
J@c1     e0-b1            68.89    115.5    8.000  1.000 1.000 1.000 1.000 1.000 1.000 1.000
J@c2     e2e-b1           61.47    129.5    8.000  1.000 1.000 1.000 1.000 1.000 1.000 1.000
J@c2     e2e-b2           61.59    129.3    8.000  1.000 1.000 1.000 1.000 1.000 1.000 1.000
J@c2     b1               61.29    129.9    8.000  1.000 1.000 1.000 1.000 1.000 1.000 1.000
J@c2     b2               58.12    136.8    7.948  1.000 0.993 0.993 0.993 0.993 0.987 0.987
J@c2     e0-b1            55.50    141.9    7.922  1.000 0.987 0.987 0.987 0.987 0.987 0.987
H        e2e-b1           14.23    157.2    2.239  0.640 0.337 0.157 0.061 0.023 0.013 0.007
H        e2e-b2           14.58    156.0    2.269  0.642 0.347 0.157 0.065 0.033 0.015 0.006
H        b1               14.31    157.1    2.248  0.639 0.337 0.158 0.073 0.026 0.008 0.003
H        b2               14.06    156.5    2.201  0.627 0.324 0.151 0.055 0.025 0.012 0.003
H        e0-b1            13.69    161.1    2.207  0.638 0.323 0.149 0.057 0.021 0.008 0.004
T        e2e-T            24.88    109.0    2.717  0.703 0.427 0.241 0.146 0.088 0.058 0.040
T        T                25.40    108.7    2.762  0.693 0.439 0.258 0.149 0.099 0.065 0.042
E@32k    e0-b1            20.70    111.5    2.327  0.891 0.255 0.127 0.036 0.018 0.000 0.000
E@32k    E                25.36    116.4    2.953  0.721 0.465 0.372 0.233 0.116 0.047 0.000
E@128k   e0-b1            25.04    112.7    2.822  0.800 0.444 0.289 0.133 0.089 0.067 0.000
E@128k   E                22.98    108.4    2.490  0.784 0.373 0.196 0.098 0.039 0.000 0.000
== Tier 0
                                  E0         E1a         E2e        this
dNLL vs ref                -0.000146   -0.000120   -0.000078   +0.000182
top1_agree vs ref           0.984464    0.983264    0.982686    0.984318
KL top20 vs ref            5.089e-03   5.864e-03   6.050e-03   5.270e-03
greedy hazard vs ref        0.009873    0.016716    0.016000    0.014760
greedy diverged/20                14          17          16          16
A/A |dNLL| (record)                -           -           -           -
A/A top1 (record)                  -           -           -           -
A/A KL (record)                    -           -           -           -
A/A greedy hazard                  -           -           -           -
A/A greedy diverged/20             -           -           -           -
count                            200         200         200         200
kwargs                            12          12          12          12
utf8 sq_err                        0           0          11           0
tools json_valid                1.00        1.00        1.00        1.00
tools args_ok                   0.96        0.96        0.96        0.96
vision                            12          13          12          12
needle 8192                        3           3           3           3
needle 32768                       3           3           3           3
needle 131072                      -           -           -           3
nll.delta                       PASS        PASS        PASS        PASS
nll.top1_rerun                  PASS        PASS        PASS        PASS
greedy.hazard                   PASS        PASS        PASS        PASS
kwargs.core                     PASS        PASS        PASS        PASS
kwargs.thinking_alias           PASS        PASS        PASS        PASS
count                           PASS        PASS        PASS        PASS
utf8                            PASS        PASS        FAIL        PASS
vision                          FAIL        PASS        FAIL        FAIL
needle                          PASS        PASS        PASS        PASS
tools.json_valid                PASS        PASS        PASS        PASS
E0: mode=compare stage=None FAIL tier0 compare vs nvidia-v11-k7: 9/10 criteria; failed vision
E1a: mode=compare stage=None PASS tier0 compare vs nvidia-v11-k7: 10/10 criteria
E2e: mode=compare stage=None FAIL tier0 compare vs nvidia-v11-k7: 8/10 criteria; failed utf8, vision
this: mode=compare stage=None FAIL tier0 compare vs nvidia-v11-k7: 9/10 criteria; failed vision
== memory
== MemAvailable per phase (GiB): min @ time, first, last, swap first/max (UTC)
spark1 LOAD     n=  3219 min= 13.89 @ 01:21:04  first=116.18 last= 20.17  swap_first=3.95 swap_max=7.33  span=01:07:36..01:21:14
spark1 PROFILE  n=   539 min=  8.30 @ 01:21:59  first= 20.14 last=  9.92  swap_first=7.28 swap_max=7.28  span=01:21:14..01:23:31
spark1 KV_READY n=   926 min=  4.24 @ 01:27:25  first= 10.06 last=  5.24  swap_first=7.27 swap_max=7.27  span=01:23:31..01:27:27
spark1 SERVING  n=   910 min=  3.53 @ 01:27:51  first=  5.24 last=  7.09  swap_first=6.99 swap_max=6.99  span=01:27:27..02:43:30
spark2 LOAD     n=  3223 min= 15.16 @ 01:13:33  first=117.20 last= 20.89  swap_first=1.71 swap_max=4.12  span=01:07:36..01:21:14
spark2 PROFILE  n=   540 min=  8.66 @ 01:21:59  first= 20.87 last= 11.62  swap_first=3.95 swap_max=3.95  span=01:21:14..01:23:31
spark2 KV_READY n=   928 min=  6.47 @ 01:25:57  first= 12.75 last= 10.47  swap_first=3.95 swap_max=3.95  span=01:23:31..01:27:27
spark2 SERVING  n=   926 min=  8.87 @ 01:28:18  first= 10.47 last= 10.14  swap_first=3.94 swap_max=3.95  span=01:27:27..02:43:28
== activity windows: min MemAvailable GiB per node (and swap growth)
probe-count                        01:28:17..01:28:24  spark1 min=3.80@01:28:21 swap 6.99->6.99 | spark2 min=8.87@01:28:18 swap 3.95->3.95
bench-1                            01:28:24..01:37:54  spark1 min=3.79@01:29:33 swap 6.99->6.98 | spark2 min=8.88@01:30:16 swap 3.95->3.94
bench-2                            01:37:54..01:47:17  spark1 min=5.61@01:40:25 swap 6.98->6.97 | spark2 min=10.48@01:38:12 swap 3.94->3.94
bench-T                            01:47:17..01:50:04  spark1 min=5.59@01:48:07 swap 6.97->6.97 | spark2 min=10.47@01:47:56 swap 3.94->3.94
bench-E                            01:50:04..01:52:23  spark1 min=5.32@01:50:10 swap 6.97->6.91 | spark2 min=10.19@01:50:09 swap 3.94->3.94
tier0-compare                      01:52:23..02:05:43  spark1 min=3.97@01:57:50 swap 6.91->6.90 | spark2 min=9.21@01:58:04 swap 3.94->3.93
tier0-record                       02:05:43..02:14:13  spark1 min=7.05@02:10:59 swap 6.90->6.90 | spark2 min=10.14@02:05:44 swap 3.93->3.93
probe-kpool                        02:14:13..02:43:31  spark1 min=6.95@02:37:58 swap 6.90->6.89 | spark2 min=10.13@02:43:02 swap 3.93->3.93
== compilers: per node/kind: distinct pids, first..last, phases, peak single-proc RSS MiB, peak summed RSS MiB per sample
== boot
2026-09-28T01:07:36Z
0308983d4a443c9a00fdf1c4538e1d6167ed603e
IMAGE=glm53-sm121-v13 EXTRA_ENV=MAX_JOBS=2 GLM53_NVFP4_W4A16=draft GLM53_KPOOL_TAIL_FIX=1 GLM53_DETERMINISTIC_MLA_INDEX=1
args parity (minus node-rank/host/port/chat-template/headless): OK
env parity (minus VLLM_HOST_IP): DIFF ['HF_TOKEN=<redacted>', 'HUGGING_FACE_HUB_TOKEN=<redacted>']
image parity: OK
== head 2026-09-28T01:28:16Z
      3 GLM53_DETERMINISTIC_MLA_INDEX: kpool pools sorted per row, sparse-MLA index compaction in column order (one program per row)
      1 GLM53_KPOOL_TAIL_FIX: kpool tail ring 16 slots (index_kpool=4, k=7)
      1 GLM53_NVFP4_W4A16: DFlash2Qwen3ForCausalLM draft[nvfp4]=32 layers 1162.0->326.8 MiB; torch reserved 91.68 -> 90.92 GiB
(Worker pid=250) INFO 09-28 01:08:48 [gpu_worker.py:386] Using V2 Model Runner
(Worker_TP0 pid=250) INFO 09-28 01:21:14 [model_runner.py:375] Model loading took 89.55 GiB and 746.253556 seconds
(EngineCore pid=178) INFO 09-28 01:23:31 [kv_cache_utils.py:2204] GPU KV cache size: 372,877 tokens, Maximum concurrency for 327,680 tokens per request: 1.14x
== worker 2026-09-28T01:28:16Z
      2 GLM53_DETERMINISTIC_MLA_INDEX: kpool pools sorted per row, sparse-MLA index compaction in column order (one program per row)
      1 GLM53_KPOOL_TAIL_FIX: kpool tail ring 16 slots (index_kpool=4, k=7)
      1 GLM53_NVFP4_W4A16: DFlash2Qwen3ForCausalLM draft[nvfp4]=32 layers 1162.0->326.8 MiB; torch reserved 91.68 -> 90.92 GiB
(Worker pid=190) INFO 09-28 01:08:48 [gpu_worker.py:386] Using V2 Model Runner
(Worker_TP1 pid=190) INFO 09-28 01:13:42 [model_runner.py:375] Model loading took 89.55 GiB and 293.868067 seconds
