   "n": 120,
   "correct": 115,
   "errors": 0,
   "acc": 0.9583
  },
  "chartqa": {
   "n": 100,
   "correct": 91,
   "errors": 0,
   "acc": 0.91
  },
  "ocrbench": {
   "n": 100,
   "correct": 82,
   "errors": 0,
   "acc": 0.82
  },
  "mmmu": {
   "n": 60,
   "correct": 39,
   "errors": 0,
   "acc": 0.65
  }
 }
}
[tier1 rc=0]
pooled n=1010 A=84.85 B=84.75 diff=-0.10 pts se=0.68 ci95=[-1.43, 1.232] floor=-2.0 -> PASS
group BFCL      n= 120 A= 95.00 B= 95.83 diff= +0.83 A-only=0 B-only=1 p=1.0000 -> ok
group GSM8K     n= 200 A= 95.00 B= 96.00 diff= +1.00 A-only=1 B-only=3 p=0.6250 -> ok
group IFEval    n= 150 A= 70.67 B= 68.67 diff= -2.00 A-only=13 B-only=10 p=0.6776 -> ok
group MMLU-Pro  n= 280 A= 83.57 B= 83.57 diff= +0.00 A-only=8 B-only=8 p=1.0000 -> ok
group Vision    n= 260 A= 81.92 B= 81.54 diff= -0.39 A-only=2 B-only=1 p=1.0000 -> ok
task  bfcl      n= 120 A= 95.00 B= 95.83 diff= +0.83
task  chartqa   n= 100 A= 92.00 B= 91.00 diff= -1.00
task  gsm8k     n= 200 A= 95.00 B= 96.00 diff= +1.00
task  ifeval    n= 150 A= 70.67 B= 68.67 diff= -2.00
task  mmlu_pro  n= 280 A= 83.57 B= 83.57 diff= +0.00
task  mmmu      n=  60 A= 65.00 B= 65.00 diff= +0.00
task  ocrbench  n= 100 A= 82.00 B= 82.00 diff= +0.00
errors dropped=0 unpaired={'only_a': 0, 'only_b': 0}
VERDICT PASS
[tier1-compare rc=0]
== 2026-09-28T00:37:18Z tier1.sh done
