start 2026-09-28T12:05:20Z git 2a5f22481d386b7d872b67893546278caae92424 image glm53-sm121-v13 sha256:14f7b1066fe3c9f582de513791ba3621f716848a157d9c260c0a5b4bd8e9cfe9 host spark1: evidence/e6-prefill/tools/dq_bits_gpu.py --json evidence/e6-prefill/microbench-dq/dq-bits.json
running containers: conduit 
WARNING 09-28 12:05:32 [marlin_utils.py:238] Marlin requires thread-tile padding for some weight shapes in this model. Activations and/or outputs of the padded layers are padded/sliced on every forward; performance may be degraded.
{"label": "kda_in/in_proj_qkvbfg_a first layer", "group": "kda_in", "gemm": "in_proj_qkvbfg_a", "rank": 0, "mode": "int8", "n": 12576, "k": 4096, "elements": 51511296, "bit_mismatch": 0, "sign_of_zero": 0, "ref_minus0": 0, "nan": 0, "value_diff": 0, "value_equal": true}
{"label": "kda_in/in_proj_qkvbfg_a first layer", "group": "kda_in", "gemm": "in_proj_qkvbfg_a", "rank": 0, "mode": "int4", "n": 12576, "k": 4096, "elements": 51511296, "bit_mismatch": 0, "sign_of_zero": 0, "ref_minus0": 0, "nan": 0, "value_diff": 0, "value_equal": true}
WARNING 09-28 12:05:34 [marlin_utils_fp8.py:112] Your GPU does not have native support for FP8 computation but FP8 quantization is being used. Weight-only FP8 compression will be used leveraging the Marlin kernel. This may degrade performance for compute-heavy workloads.
{"label": "kda_in/in_proj_qkvbfg_a first layer", "group": "kda_in", "gemm": "in_proj_qkvbfg_a", "rank": 0, "mode": "fp8", "n": 12576, "k": 4096, "elements": 51511296, "bit_mismatch": 291, "sign_of_zero": 291, "ref_minus0": 291, "nan": 0, "value_diff": 0, "value_equal": true}
{"label": "kda_in/in_proj_qkvbfg_a first layer", "group": "kda_in", "gemm": "in_proj_qkvbfg_a", "rank": 0, "mode": "nvfp4", "n": 12576, "k": 4096, "elements": 51511296, "bit_mismatch": 1743584, "sign_of_zero": 1743584, "ref_minus0": 1743584, "nan": 0, "value_diff": 0, "value_equal": true}
{"label": "kda_in layer 0", "group": "kda_in", "gemm": "in_proj_qkvbfg_a", "rank": 0, "mode": "int8", "n": 12576, "k": 4096, "elements": 51511296, "bit_mismatch": 0, "sign_of_zero": 0, "ref_minus0": 0, "nan": 0, "value_diff": 0, "value_equal": true}
{"label": "kda_in layer 1", "group": "kda_in", "gemm": "in_proj_qkvbfg_a", "rank": 0, "mode": "int8", "n": 12576, "k": 4096, "elements": 51511296, "bit_mismatch": 0, "sign_of_zero": 0, "ref_minus0": 0, "nan": 0, "value_diff": 0, "value_equal": true}
{"label": "kda_in layer 2", "group": "kda_in", "gemm": "in_proj_qkvbfg_a", "rank": 0, "mode": "int8", "n": 12576, "k": 4096, "elements": 51511296, "bit_mismatch": 0, "sign_of_zero": 0, "ref_minus0": 0, "nan": 0, "value_diff": 0, "value_equal": true}
{"label": "kda_in layer 4", "group": "kda_in", "gemm": "in_proj_qkvbfg_a", "rank": 0, "mode": "int8", "n": 12576, "k": 4096, "elements": 51511296, "bit_mismatch": 0, "sign_of_zero": 0, "ref_minus0": 0, "nan": 0, "value_diff": 0, "value_equal": true}
{"label": "kda_in layer 5", "group": "kda_in", "gemm": "in_proj_qkvbfg_a", "rank": 0, "mode": "int8", "n": 12576, "k": 4096, "elements": 51511296, "bit_mismatch": 0, "sign_of_zero": 0, "ref_minus0": 0, "nan": 0, "value_diff": 0, "value_equal": true}
{"label": "kda_in layer 6", "group": "kda_in", "gemm": "in_proj_qkvbfg_a", "rank": 0, "mode": "int8", "n": 12576, "k": 4096, "elements": 51511296, "bit_mismatch": 0, "sign_of_zero": 0, "ref_minus0": 0, "nan": 0, "value_diff": 0, "value_equal": true}
{"label": "kda_in layer 8", "group": "kda_in", "gemm": "in_proj_qkvbfg_a", "rank": 0, "mode": "int8", "n": 12576, "k": 4096, "elements": 51511296, "bit_mismatch": 0, "sign_of_zero": 0, "ref_minus0": 0, "nan": 0, "value_diff": 0, "value_equal": true}
{"label": "kda_in layer 9", "group": "kda_in", "gemm": "in_proj_qkvbfg_a", "rank": 0, "mode": "int8", "n": 12576, "k": 4096, "elements": 51511296, "bit_mismatch": 0, "sign_of_zero": 0, "ref_minus0": 0, "nan": 0, "value_diff": 0, "value_equal": true}
{"label": "kda_in layer 10", "group": "kda_in", "gemm": "in_proj_qkvbfg_a", "rank": 0, "mode": "int8", "n": 12576, "k": 4096, "elements": 51511296, "bit_mismatch": 0, "sign_of_zero": 0, "ref_minus0": 0, "nan": 0, "value_diff": 0, "value_equal": true}
{"label": "kda_in layer 12", "group": "kda_in", "gemm": "in_proj_qkvbfg_a", "rank": 0, "mode": "int8", "n": 12576, "k": 4096, "elements": 51511296, "bit_mismatch": 0, "sign_of_zero": 0, "ref_minus0": 0, "nan": 0, "value_diff": 0, "value_equal": true}
{"label": "kda_in layer 13", "group": "kda_in", "gemm": "in_proj_qkvbfg_a", "rank": 0, "mode": "int8", "n": 12576, "k": 4096, "elements": 51511296, "bit_mismatch": 0, "sign_of_zero": 0, "ref_minus0": 0, "nan": 0, "value_diff": 0, "value_equal": true}
{"label": "kda_in layer 14", "group": "kda_in", "gemm": "in_proj_qkvbfg_a", "rank": 0, "mode": "int8", "n": 12576, "k": 4096, "elements": 51511296, "bit_mismatch": 0, "sign_of_zero": 0, "ref_minus0": 0, "nan": 0, "value_diff": 0, "value_equal": true}
{"label": "kda_in layer 16", "group": "kda_in", "gemm": "in_proj_qkvbfg_a", "rank": 0, "mode": "int8", "n": 12576, "k": 4096, "elements": 51511296, "bit_mismatch": 0, "sign_of_zero": 0, "ref_minus0": 0, "nan": 0, "value_diff": 0, "value_equal": true}
{"label": "kda_in layer 17", "group": "kda_in", "gemm": "in_proj_qkvbfg_a", "rank": 0, "mode": "int8", "n": 12576, "k": 4096, "elements": 51511296, "bit_mismatch": 0, "sign_of_zero": 0, "ref_minus0": 0, "nan": 0, "value_diff": 0, "value_equal": true}
{"label": "kda_in layer 18", "group": "kda_in", "gemm": "in_proj_qkvbfg_a", "rank": 0, "mode": "int8", "n": 12576, "k": 4096, "elements": 51511296, "bit_mismatch": 0, "sign_of_zero": 0, "ref_minus0": 0, "nan": 0, "value_diff": 0, "value_equal": true}
{"label": "kda_in layer 20", "group": "kda_in", "gemm": "in_proj_qkvbfg_a", "rank": 0, "mode": "int8", "n": 12576, "k": 4096, "elements": 51511296, "bit_mismatch": 0, "sign_of_zero": 0, "ref_minus0": 0, "nan": 0, "value_diff": 0, "value_equal": true}
{"label": "kda_in layer 21", "group": "kda_in", "gemm": "in_proj_qkvbfg_a", "rank": 0, "mode": "int8", "n": 12576, "k": 4096, "elements": 51511296, "bit_mismatch": 0, "sign_of_zero": 0, "ref_minus0": 0, "nan": 0, "value_diff": 0, "value_equal": true}
{"label": "kda_in layer 22", "group": "kda_in", "gemm": "in_proj_qkvbfg_a", "rank": 0, "mode": "int8", "n": 12576, "k": 4096, "elements": 51511296, "bit_mismatch": 0, "sign_of_zero": 0, "ref_minus0": 0, "nan": 0, "value_diff": 0, "value_equal": true}
{"label": "kda_in layer 24", "group": "kda_in", "gemm": "in_proj_qkvbfg_a", "rank": 0, "mode": "int8", "n": 12576, "k": 4096, "elements": 51511296, "bit_mismatch": 0, "sign_of_zero": 0, "ref_minus0": 0, "nan": 0, "value_diff": 0, "value_equal": true}
{"label": "kda_in layer 25", "group": "kda_in", "gemm": "in_proj_qkvbfg_a", "rank": 0, "mode": "int8", "n": 12576, "k": 4096, "elements": 51511296, "bit_mismatch": 0, "sign_of_zero": 0, "ref_minus0": 0, "nan": 0, "value_diff": 0, "value_equal": true}
{"label": "kda_in layer 26", "group": "kda_in", "gemm": "in_proj_qkvbfg_a", "rank": 0, "mode": "int8", "n": 12576, "k": 4096, "elements": 51511296, "bit_mismatch": 0, "sign_of_zero": 0, "ref_minus0": 0, "nan": 0, "value_diff": 0, "value_equal": true}
{"label": "kda_in layer 28", "group": "kda_in", "gemm": "in_proj_qkvbfg_a", "rank": 0, "mode": "int8", "n": 12576, "k": 4096, "elements": 51511296, "bit_mismatch": 0, "sign_of_zero": 0, "ref_minus0": 0, "nan": 0, "value_diff": 0, "value_equal": true}
{"label": "kda_in layer 29", "group": "kda_in", "gemm": "in_proj_qkvbfg_a", "rank": 0, "mode": "int8", "n": 12576, "k": 4096, "elements": 51511296, "bit_mismatch": 0, "sign_of_zero": 0, "ref_minus0": 0, "nan": 0, "value_diff": 0, "value_equal": true}
{"label": "kda_in layer 30", "group": "kda_in", "gemm": "in_proj_qkvbfg_a", "rank": 0, "mode": "int8", "n": 12576, "k": 4096, "elements": 51511296, "bit_mismatch": 0, "sign_of_zero": 0, "ref_minus0": 0, "nan": 0, "value_diff": 0, "value_equal": true}
{"label": "kda_in layer 32", "group": "kda_in", "gemm": "in_proj_qkvbfg_a", "rank": 0, "mode": "int8", "n": 12576, "k": 4096, "elements": 51511296, "bit_mismatch": 0, "sign_of_zero": 0, "ref_minus0": 0, "nan": 0, "value_diff": 0, "value_equal": true}
{"label": "kda_in layer 33", "group": "kda_in", "gemm": "in_proj_qkvbfg_a", "rank": 0, "mode": "int8", "n": 12576, "k": 4096, "elements": 51511296, "bit_mismatch": 0, "sign_of_zero": 0, "ref_minus0": 0, "nan": 0, "value_diff": 0, "value_equal": true}
{"label": "kda_in layer 34", "group": "kda_in", "gemm": "in_proj_qkvbfg_a", "rank": 0, "mode": "int8", "n": 12576, "k": 4096, "elements": 51511296, "bit_mismatch": 0, "sign_of_zero": 0, "ref_minus0": 0, "nan": 0, "value_diff": 0, "value_equal": true}
{"label": "kda_in layer 36", "group": "kda_in", "gemm": "in_proj_qkvbfg_a", "rank": 0, "mode": "int8", "n": 12576, "k": 4096, "elements": 51511296, "bit_mismatch": 0, "sign_of_zero": 0, "ref_minus0": 0, "nan": 0, "value_diff": 0, "value_equal": true}
{"label": "kda_in layer 37", "group": "kda_in", "gemm": "in_proj_qkvbfg_a", "rank": 0, "mode": "int8", "n": 12576, "k": 4096, "elements": 51511296, "bit_mismatch": 0, "sign_of_zero": 0, "ref_minus0": 0, "nan": 0, "value_diff": 0, "value_equal": true}
{"label": "kda_in layer 38", "group": "kda_in", "gemm": "in_proj_qkvbfg_a", "rank": 0, "mode": "int8", "n": 12576, "k": 4096, "elements": 51511296, "bit_mismatch": 0, "sign_of_zero": 0, "ref_minus0": 0, "nan": 0, "value_diff": 0, "value_equal": true}
{"label": "kda_in layer 40", "group": "kda_in", "gemm": "in_proj_qkvbfg_a", "rank": 0, "mode": "int8", "n": 12576, "k": 4096, "elements": 51511296, "bit_mismatch": 0, "sign_of_zero": 0, "ref_minus0": 0, "nan": 0, "value_diff": 0, "value_equal": true}
{"label": "kda_in layer 41", "group": "kda_in", "gemm": "in_proj_qkvbfg_a", "rank": 0, "mode": "int8", "n": 12576, "k": 4096, "elements": 51511296, "bit_mismatch": 0, "sign_of_zero": 0, "ref_minus0": 0, "nan": 0, "value_diff": 0, "value_equal": true}
{"label": "kda_in layer 42", "group": "kda_in", "gemm": "in_proj_qkvbfg_a", "rank": 0, "mode": "int8", "n": 12576, "k": 4096, "elements": 51511296, "bit_mismatch": 0, "sign_of_zero": 0, "ref_minus0": 0, "nan": 0, "value_diff": 0, "value_equal": true}
{"label": "kda_in layer 44", "group": "kda_in", "gemm": "in_proj_qkvbfg_a", "rank": 0, "mode": "int8", "n": 12576, "k": 4096, "elements": 51511296, "bit_mismatch": 0, "sign_of_zero": 0, "ref_minus0": 0, "nan": 0, "value_diff": 0, "value_equal": true}
{"label": "kda_in layer 0", "group": "kda_in", "gemm": "in_proj_qkvbfg_a", "rank": 1, "mode": "int8", "n": 12576, "k": 4096, "elements": 51511296, "bit_mismatch": 0, "sign_of_zero": 0, "ref_minus0": 0, "nan": 0, "value_diff": 0, "value_equal": true}
{"label": "kda_in layer 1", "group": "kda_in", "gemm": "in_proj_qkvbfg_a", "rank": 1, "mode": "int8", "n": 12576, "k": 4096, "elements": 51511296, "bit_mismatch": 0, "sign_of_zero": 0, "ref_minus0": 0, "nan": 0, "value_diff": 0, "value_equal": true}
{"label": "kda_in layer 2", "group": "kda_in", "gemm": "in_proj_qkvbfg_a", "rank": 1, "mode": "int8", "n": 12576, "k": 4096, "elements": 51511296, "bit_mismatch": 0, "sign_of_zero": 0, "ref_minus0": 0, "nan": 0, "value_diff": 0, "value_equal": true}
{"label": "kda_in layer 4", "group": "kda_in", "gemm": "in_proj_qkvbfg_a", "rank": 1, "mode": "int8", "n": 12576, "k": 4096, "elements": 51511296, "bit_mismatch": 0, "sign_of_zero": 0, "ref_minus0": 0, "nan": 0, "value_diff": 0, "value_equal": true}
{"label": "kda_in layer 5", "group": "kda_in", "gemm": "in_proj_qkvbfg_a", "rank": 1, "mode": "int8", "n": 12576, "k": 4096, "elements": 51511296, "bit_mismatch": 0, "sign_of_zero": 0, "ref_minus0": 0, "nan": 0, "value_diff": 0, "value_equal": true}
{"label": "kda_in layer 6", "group": "kda_in", "gemm": "in_proj_qkvbfg_a", "rank": 1, "mode": "int8", "n": 12576, "k": 4096, "elements": 51511296, "bit_mismatch": 0, "sign_of_zero": 0, "ref_minus0": 0, "nan": 0, "value_diff": 0, "value_equal": true}
{"label": "kda_in layer 8", "group": "kda_in", "gemm": "in_proj_qkvbfg_a", "rank": 1, "mode": "int8", "n": 12576, "k": 4096, "elements": 51511296, "bit_mismatch": 0, "sign_of_zero": 0, "ref_minus0": 0, "nan": 0, "value_diff": 0, "value_equal": true}
{"label": "kda_in layer 9", "group": "kda_in", "gemm": "in_proj_qkvbfg_a", "rank": 1, "mode": "int8", "n": 12576, "k": 4096, "elements": 51511296, "bit_mismatch": 0, "sign_of_zero": 0, "ref_minus0": 0, "nan": 0, "value_diff": 0, "value_equal": true}
{"label": "kda_in layer 10", "group": "kda_in", "gemm": "in_proj_qkvbfg_a", "rank": 1, "mode": "int8", "n": 12576, "k": 4096, "elements": 51511296, "bit_mismatch": 0, "sign_of_zero": 0, "ref_minus0": 0, "nan": 0, "value_diff": 0, "value_equal": true}
{"label": "kda_in layer 12", "group": "kda_in", "gemm": "in_proj_qkvbfg_a", "rank": 1, "mode": "int8", "n": 12576, "k": 4096, "elements": 51511296, "bit_mismatch": 0, "sign_of_zero": 0, "ref_minus0": 0, "nan": 0, "value_diff": 0, "value_equal": true}
{"label": "kda_in layer 13", "group": "kda_in", "gemm": "in_proj_qkvbfg_a", "rank": 1, "mode": "int8", "n": 12576, "k": 4096, "elements": 51511296, "bit_mismatch": 0, "sign_of_zero": 0, "ref_minus0": 0, "nan": 0, "value_diff": 0, "value_equal": true}
{"label": "kda_in layer 14", "group": "kda_in", "gemm": "in_proj_qkvbfg_a", "rank": 1, "mode": "int8", "n": 12576, "k": 4096, "elements": 51511296, "bit_mismatch": 0, "sign_of_zero": 0, "ref_minus0": 0, "nan": 0, "value_diff": 0, "value_equal": true}
{"label": "kda_in layer 16", "group": "kda_in", "gemm": "in_proj_qkvbfg_a", "rank": 1, "mode": "int8", "n": 12576, "k": 4096, "elements": 51511296, "bit_mismatch": 0, "sign_of_zero": 0, "ref_minus0": 0, "nan": 0, "value_diff": 0, "value_equal": true}
{"label": "kda_in layer 17", "group": "kda_in", "gemm": "in_proj_qkvbfg_a", "rank": 1, "mode": "int8", "n": 12576, "k": 4096, "elements": 51511296, "bit_mismatch": 0, "sign_of_zero": 0, "ref_minus0": 0, "nan": 0, "value_diff": 0, "value_equal": true}
{"label": "kda_in layer 18", "group": "kda_in", "gemm": "in_proj_qkvbfg_a", "rank": 1, "mode": "int8", "n": 12576, "k": 4096, "elements": 51511296, "bit_mismatch": 0, "sign_of_zero": 0, "ref_minus0": 0, "nan": 0, "value_diff": 0, "value_equal": true}
{"label": "kda_in layer 20", "group": "kda_in", "gemm": "in_proj_qkvbfg_a", "rank": 1, "mode": "int8", "n": 12576, "k": 4096, "elements": 51511296, "bit_mismatch": 0, "sign_of_zero": 0, "ref_minus0": 0, "nan": 0, "value_diff": 0, "value_equal": true}
{"label": "kda_in layer 21", "group": "kda_in", "gemm": "in_proj_qkvbfg_a", "rank": 1, "mode": "int8", "n": 12576, "k": 4096, "elements": 51511296, "bit_mismatch": 0, "sign_of_zero": 0, "ref_minus0": 0, "nan": 0, "value_diff": 0, "value_equal": true}
{"label": "kda_in layer 22", "group": "kda_in", "gemm": "in_proj_qkvbfg_a", "rank": 1, "mode": "int8", "n": 12576, "k": 4096, "elements": 51511296, "bit_mismatch": 0, "sign_of_zero": 0, "ref_minus0": 0, "nan": 0, "value_diff": 0, "value_equal": true}
{"label": "kda_in layer 24", "group": "kda_in", "gemm": "in_proj_qkvbfg_a", "rank": 1, "mode": "int8", "n": 12576, "k": 4096, "elements": 51511296, "bit_mismatch": 0, "sign_of_zero": 0, "ref_minus0": 0, "nan": 0, "value_diff": 0, "value_equal": true}
{"label": "kda_in layer 25", "group": "kda_in", "gemm": "in_proj_qkvbfg_a", "rank": 1, "mode": "int8", "n": 12576, "k": 4096, "elements": 51511296, "bit_mismatch": 0, "sign_of_zero": 0, "ref_minus0": 0, "nan": 0, "value_diff": 0, "value_equal": true}
{"label": "kda_in layer 26", "group": "kda_in", "gemm": "in_proj_qkvbfg_a", "rank": 1, "mode": "int8", "n": 12576, "k": 4096, "elements": 51511296, "bit_mismatch": 0, "sign_of_zero": 0, "ref_minus0": 0, "nan": 0, "value_diff": 0, "value_equal": true}
{"label": "kda_in layer 28", "group": "kda_in", "gemm": "in_proj_qkvbfg_a", "rank": 1, "mode": "int8", "n": 12576, "k": 4096, "elements": 51511296, "bit_mismatch": 0, "sign_of_zero": 0, "ref_minus0": 0, "nan": 0, "value_diff": 0, "value_equal": true}
{"label": "kda_in layer 29", "group": "kda_in", "gemm": "in_proj_qkvbfg_a", "rank": 1, "mode": "int8", "n": 12576, "k": 4096, "elements": 51511296, "bit_mismatch": 0, "sign_of_zero": 0, "ref_minus0": 0, "nan": 0, "value_diff": 0, "value_equal": true}
{"label": "kda_in layer 30", "group": "kda_in", "gemm": "in_proj_qkvbfg_a", "rank": 1, "mode": "int8", "n": 12576, "k": 4096, "elements": 51511296, "bit_mismatch": 0, "sign_of_zero": 0, "ref_minus0": 0, "nan": 0, "value_diff": 0, "value_equal": true}
{"label": "kda_in layer 32", "group": "kda_in", "gemm": "in_proj_qkvbfg_a", "rank": 1, "mode": "int8", "n": 12576, "k": 4096, "elements": 51511296, "bit_mismatch": 0, "sign_of_zero": 0, "ref_minus0": 0, "nan": 0, "value_diff": 0, "value_equal": true}
{"label": "kda_in layer 33", "group": "kda_in", "gemm": "in_proj_qkvbfg_a", "rank": 1, "mode": "int8", "n": 12576, "k": 4096, "elements": 51511296, "bit_mismatch": 0, "sign_of_zero": 0, "ref_minus0": 0, "nan": 0, "value_diff": 0, "value_equal": true}
{"label": "kda_in layer 34", "group": "kda_in", "gemm": "in_proj_qkvbfg_a", "rank": 1, "mode": "int8", "n": 12576, "k": 4096, "elements": 51511296, "bit_mismatch": 0, "sign_of_zero": 0, "ref_minus0": 0, "nan": 0, "value_diff": 0, "value_equal": true}
{"label": "kda_in layer 36", "group": "kda_in", "gemm": "in_proj_qkvbfg_a", "rank": 1, "mode": "int8", "n": 12576, "k": 4096, "elements": 51511296, "bit_mismatch": 0, "sign_of_zero": 0, "ref_minus0": 0, "nan": 0, "value_diff": 0, "value_equal": true}
{"label": "kda_in layer 37", "group": "kda_in", "gemm": "in_proj_qkvbfg_a", "rank": 1, "mode": "int8", "n": 12576, "k": 4096, "elements": 51511296, "bit_mismatch": 0, "sign_of_zero": 0, "ref_minus0": 0, "nan": 0, "value_diff": 0, "value_equal": true}
{"label": "kda_in layer 38", "group": "kda_in", "gemm": "in_proj_qkvbfg_a", "rank": 1, "mode": "int8", "n": 12576, "k": 4096, "elements": 51511296, "bit_mismatch": 0, "sign_of_zero": 0, "ref_minus0": 0, "nan": 0, "value_diff": 0, "value_equal": true}
{"label": "kda_in layer 40", "group": "kda_in", "gemm": "in_proj_qkvbfg_a", "rank": 1, "mode": "int8", "n": 12576, "k": 4096, "elements": 51511296, "bit_mismatch": 0, "sign_of_zero": 0, "ref_minus0": 0, "nan": 0, "value_diff": 0, "value_equal": true}
{"label": "kda_in layer 41", "group": "kda_in", "gemm": "in_proj_qkvbfg_a", "rank": 1, "mode": "int8", "n": 12576, "k": 4096, "elements": 51511296, "bit_mismatch": 0, "sign_of_zero": 0, "ref_minus0": 0, "nan": 0, "value_diff": 0, "value_equal": true}
{"label": "kda_in layer 42", "group": "kda_in", "gemm": "in_proj_qkvbfg_a", "rank": 1, "mode": "int8", "n": 12576, "k": 4096, "elements": 51511296, "bit_mismatch": 0, "sign_of_zero": 0, "ref_minus0": 0, "nan": 0, "value_diff": 0, "value_equal": true}
{"label": "kda_in layer 44", "group": "kda_in", "gemm": "in_proj_qkvbfg_a", "rank": 1, "mode": "int8", "n": 12576, "k": 4096, "elements": 51511296, "bit_mismatch": 0, "sign_of_zero": 0, "ref_minus0": 0, "nan": 0, "value_diff": 0, "value_equal": true}
{"label": "kda_o/o_proj first layer", "group": "kda_o", "gemm": "o_proj", "rank": 0, "mode": "int8", "n": 4096, "k": 4096, "elements": 16777216, "bit_mismatch": 0, "sign_of_zero": 0, "ref_minus0": 0, "nan": 0, "value_diff": 0, "value_equal": true}
{"label": "kda_o/o_proj first layer", "group": "kda_o", "gemm": "o_proj", "rank": 0, "mode": "int4", "n": 4096, "k": 4096, "elements": 16777216, "bit_mismatch": 0, "sign_of_zero": 0, "ref_minus0": 0, "nan": 0, "value_diff": 0, "value_equal": true}
{"label": "kda_o/o_proj first layer", "group": "kda_o", "gemm": "o_proj", "rank": 0, "mode": "fp8", "n": 4096, "k": 4096, "elements": 16777216, "bit_mismatch": 73, "sign_of_zero": 73, "ref_minus0": 73, "nan": 0, "value_diff": 0, "value_equal": true}
{"label": "kda_o/o_proj first layer", "group": "kda_o", "gemm": "o_proj", "rank": 0, "mode": "nvfp4", "n": 4096, "k": 4096, "elements": 16777216, "bit_mismatch": 587859, "sign_of_zero": 587859, "ref_minus0": 587859, "nan": 0, "value_diff": 0, "value_equal": true}
{"label": "mla/q_b_proj first layer", "group": "mla", "gemm": "q_b_proj", "rank": 0, "mode": "int8", "n": 8192, "k": 1536, "elements": 12582912, "bit_mismatch": 0, "sign_of_zero": 0, "ref_minus0": 0, "nan": 0, "value_diff": 0, "value_equal": true}
{"label": "mla/q_b_proj first layer", "group": "mla", "gemm": "q_b_proj", "rank": 0, "mode": "int4", "n": 8192, "k": 1536, "elements": 12582912, "bit_mismatch": 0, "sign_of_zero": 0, "ref_minus0": 0, "nan": 0, "value_diff": 0, "value_equal": true}
{"label": "mla/q_b_proj first layer", "group": "mla", "gemm": "q_b_proj", "rank": 0, "mode": "fp8", "n": 8192, "k": 1536, "elements": 12582912, "bit_mismatch": 53, "sign_of_zero": 53, "ref_minus0": 53, "nan": 0, "value_diff": 0, "value_equal": true}
{"label": "mla/q_b_proj first layer", "group": "mla", "gemm": "q_b_proj", "rank": 0, "mode": "nvfp4", "n": 8192, "k": 1536, "elements": 12582912, "bit_mismatch": 515024, "sign_of_zero": 515024, "ref_minus0": 515024, "nan": 0, "value_diff": 0, "value_equal": true}
{"label": "mla/o_proj first layer", "group": "mla", "gemm": "o_proj", "rank": 0, "mode": "int8", "n": 4096, "k": 8192, "elements": 33554432, "bit_mismatch": 0, "sign_of_zero": 0, "ref_minus0": 0, "nan": 0, "value_diff": 0, "value_equal": true}
{"label": "mla/o_proj first layer", "group": "mla", "gemm": "o_proj", "rank": 0, "mode": "int4", "n": 4096, "k": 8192, "elements": 33554432, "bit_mismatch": 0, "sign_of_zero": 0, "ref_minus0": 0, "nan": 0, "value_diff": 0, "value_equal": true}
{"label": "mla/o_proj first layer", "group": "mla", "gemm": "o_proj", "rank": 0, "mode": "fp8", "n": 4096, "k": 8192, "elements": 33554432, "bit_mismatch": 147, "sign_of_zero": 147, "ref_minus0": 147, "nan": 0, "value_diff": 0, "value_equal": true}
{"label": "mla/o_proj first layer", "group": "mla", "gemm": "o_proj", "rank": 0, "mode": "nvfp4", "n": 4096, "k": 8192, "elements": 33554432, "bit_mismatch": 1133293, "sign_of_zero": 1133293, "ref_minus0": 1133293, "nan": 0, "value_diff": 0, "value_equal": true}
{"label": "shared/gate_up_proj first layer", "group": "shared", "gemm": "gate_up_proj", "rank": 0, "mode": "int8", "n": 2048, "k": 4096, "elements": 8388608, "bit_mismatch": 0, "sign_of_zero": 0, "ref_minus0": 0, "nan": 0, "value_diff": 0, "value_equal": true}
{"label": "shared/gate_up_proj first layer", "group": "shared", "gemm": "gate_up_proj", "rank": 0, "mode": "int4", "n": 2048, "k": 4096, "elements": 8388608, "bit_mismatch": 0, "sign_of_zero": 0, "ref_minus0": 0, "nan": 0, "value_diff": 0, "value_equal": true}
{"label": "shared/gate_up_proj first layer", "group": "shared", "gemm": "gate_up_proj", "rank": 0, "mode": "fp8", "n": 2048, "k": 4096, "elements": 8388608, "bit_mismatch": 30, "sign_of_zero": 30, "ref_minus0": 30, "nan": 0, "value_diff": 0, "value_equal": true}
{"label": "shared/gate_up_proj first layer", "group": "shared", "gemm": "gate_up_proj", "rank": 0, "mode": "nvfp4", "n": 2048, "k": 4096, "elements": 8388608, "bit_mismatch": 283237, "sign_of_zero": 283237, "ref_minus0": 283237, "nan": 0, "value_diff": 0, "value_equal": true}
{"label": "shared/down_proj first layer", "group": "shared", "gemm": "down_proj", "rank": 0, "mode": "int8", "n": 4096, "k": 1024, "elements": 4194304, "bit_mismatch": 0, "sign_of_zero": 0, "ref_minus0": 0, "nan": 0, "value_diff": 0, "value_equal": true}
{"label": "shared/down_proj first layer", "group": "shared", "gemm": "down_proj", "rank": 0, "mode": "int4", "n": 4096, "k": 1024, "elements": 4194304, "bit_mismatch": 0, "sign_of_zero": 0, "ref_minus0": 0, "nan": 0, "value_diff": 0, "value_equal": true}
{"label": "shared/down_proj first layer", "group": "shared", "gemm": "down_proj", "rank": 0, "mode": "fp8", "n": 4096, "k": 1024, "elements": 4194304, "bit_mismatch": 13, "sign_of_zero": 13, "ref_minus0": 13, "nan": 0, "value_diff": 0, "value_equal": true}
{"label": "shared/down_proj first layer", "group": "shared", "gemm": "down_proj", "rank": 0, "mode": "nvfp4", "n": 4096, "k": 1024, "elements": 4194304, "bit_mismatch": 145753, "sign_of_zero": 145753, "ref_minus0": 145753, "nan": 0, "value_diff": 0, "value_equal": true}

summary (group/mode: checks, elements, bit mismatches = sign-of-zero + NaN + value):
  kda_in/int8      69 checks   3554279424 el  bits        0 = zero        0 + nan 0 + value 0
  kda_in/int4       1 checks     51511296 el  bits        0 = zero        0 + nan 0 + value 0
  kda_in/fp8        1 checks     51511296 el  bits      291 = zero      291 + nan 0 + value 0
  kda_in/nvfp4      1 checks     51511296 el  bits  1743584 = zero  1743584 + nan 0 + value 0
  kda_o/int8        1 checks     16777216 el  bits        0 = zero        0 + nan 0 + value 0
  kda_o/int4        1 checks     16777216 el  bits        0 = zero        0 + nan 0 + value 0
  kda_o/fp8         1 checks     16777216 el  bits       73 = zero       73 + nan 0 + value 0
  kda_o/nvfp4       1 checks     16777216 el  bits   587859 = zero   587859 + nan 0 + value 0
  mla/int8          2 checks     46137344 el  bits        0 = zero        0 + nan 0 + value 0
  mla/int4          2 checks     46137344 el  bits        0 = zero        0 + nan 0 + value 0
  mla/fp8           2 checks     46137344 el  bits      200 = zero      200 + nan 0 + value 0
  mla/nvfp4         2 checks     46137344 el  bits  1648317 = zero  1648317 + nan 0 + value 0
  shared/int8       2 checks     12582912 el  bits        0 = zero        0 + nan 0 + value 0
  shared/int4       2 checks     12582912 el  bits        0 = zero        0 + nan 0 + value 0
  shared/fp8        2 checks     12582912 el  bits       43 = zero       43 + nan 0 + value 0
  shared/nvfp4      2 checks     12582912 el  bits   428990 = zero   428990 + nan 0 + value 0

INT8/INT4 bit-equal: True; every mode value-equal: True; 92 checks in 27 s
rc=0 end 2026-09-28T12:05:56Z
