start 2026-09-28T10:25:16Z git=44507fe3a7deddefe952df6622e886a41d35c56f image=sha256:c9729cc0738f8855fc643fa51be815076cc56ae6053ecde23a74b5e83ca19bb3 host=spark1
running containers:
conduit matrixconduit/matrix-conduit:latest
MemAvailable: MemAvailable:   121220652 kB
WARNING 09-28 10:25:27 [marlin_utils_fp8.py:112] Your GPU does not have native support for FP8 computation but FP8 quantization is being used. Weight-only FP8 compression will be used leveraging the Marlin kernel. This may degrade performance for compute-heavy workloads.
n3136    kda_in_like          3136x4096   M=256 bf16    152.1us  168.9GB/s  fp8    156.0us   82.4GB/s  ratio 1.025  err max_abs 1.80e-01 max_rel 2.93e-02 fro 2.66e-02 nvfp4    128.9us   56.0GB/s ratio 0.848 (fro 2.37e-03 vs dequant, 0.086 vs bf16) int8    165.1us   79.0GB/s (fro 1.37e-04 vs dequant, 0.0072 vs bf16) int4    130.3us   50.8GB/s (fro 1.29e-04 vs dequant, 0.1036 vs bf16)
n3136    kda_in_like          3136x4096   M=2048 bf16    686.3us   37.4GB/s  fp8    923.7us   13.9GB/s  ratio 1.346  err max_abs 1.72e-01 max_rel 2.40e-02 fro 2.66e-02 nvfp4    878.6us    8.2GB/s ratio 1.280 (fro 2.37e-03 vs dequant, 0.086 vs bf16) int8    983.7us   13.3GB/s (fro 1.32e-04 vs dequant, 0.0072 vs bf16) int4    927.8us    7.1GB/s (fro 1.16e-04 vs dequant, 0.1036 vs bf16)
n4096    kda_in_like          4096x4096   M=256 bf16    180.6us  185.8GB/s  fp8    141.7us  118.5GB/s  ratio 0.784  err max_abs 1.67e-01 max_rel 2.68e-02 fro 2.66e-02 nvfp4    130.2us   72.5GB/s ratio 0.721 (fro 1.80e-03 vs dequant, 0.086 vs bf16) int8    155.3us  109.7GB/s (fro 1.25e-04 vs dequant, 0.0072 vs bf16) int4    127.6us   67.8GB/s (fro 1.12e-04 vs dequant, 0.1037 vs bf16)
n4096    kda_in_like          4096x4096   M=2048 bf16    807.4us   41.6GB/s  fp8    872.6us   19.2GB/s  ratio 1.081  err max_abs 1.88e-01 max_rel 2.83e-02 fro 2.66e-02 nvfp4    886.6us   10.6GB/s ratio 1.098 (fro 1.79e-03 vs dequant, 0.086 vs bf16) int8    982.9us   17.3GB/s (fro 1.07e-04 vs dequant, 0.0072 vs bf16) int4    880.3us    9.8GB/s (fro 1.00e-04 vs dequant, 0.1036 vs bf16)
n6272    kda_in_like          6272x4096   M=256 bf16    284.4us  180.7GB/s  fp8    380.7us   67.5GB/s  ratio 1.339  err max_abs 1.65e-01 max_rel 2.51e-02 fro 2.66e-02 nvfp4    240.7us   60.0GB/s ratio 0.847 (fro 2.54e-03 vs dequant, 0.086 vs bf16) int8    375.9us   69.4GB/s (fro 1.16e-04 vs dequant, 0.0072 vs bf16) int4    243.5us   54.4GB/s (fro 1.02e-04 vs dequant, 0.1036 vs bf16)
n6272    kda_in_like          6272x4096   M=2048 bf16   1238.7us   41.5GB/s  fp8   2722.1us    9.4GB/s  ratio 2.197  err max_abs 1.80e-01 max_rel 2.35e-02 fro 2.66e-02 nvfp4   1691.5us    8.5GB/s ratio 1.366 (fro 2.54e-03 vs dequant, 0.086 vs bf16) int8   2756.6us    9.5GB/s (fro 1.10e-04 vs dequant, 0.0072 vs bf16) int4   1626.8us    8.1GB/s (fro 9.65e-05 vs dequant, 0.1036 vs bf16)
n8192    kda_in_like          8192x4096   M=256 bf16    363.5us  184.6GB/s  fp8    438.2us   76.6GB/s  ratio 1.206  err max_abs 1.72e-01 max_rel 2.82e-02 fro 2.66e-02 nvfp4    252.3us   74.8GB/s ratio 0.694 (fro 2.51e-03 vs dequant, 0.086 vs bf16) int8    452.7us   75.3GB/s (fro 1.13e-04 vs dequant, 0.0072 vs bf16) int4    248.2us   69.7GB/s (fro 1.05e-04 vs dequant, 0.1035 vs bf16)
n8192    kda_in_like          8192x4096   M=2048 bf16   1588.5us   42.2GB/s  fp8   3245.0us   10.3GB/s  ratio 2.043  err max_abs 1.89e-01 max_rel 2.78e-02 fro 2.66e-02 nvfp4   1781.3us   10.6GB/s ratio 1.121 (fro 2.51e-03 vs dequant, 0.086 vs bf16) int8   3292.5us   10.4GB/s (fro 1.07e-04 vs dequant, 0.0072 vs bf16) int4   1776.1us    9.7GB/s (fro 9.83e-05 vs dequant, 0.1035 vs bf16)

count-weighted per step (one rank):
  n3136    M=256 bf16    5.17 ms  fp8    5.30 ms  ratio 1.025  saves  -0.13 ms/step  info  nvfp4    4.38 ms ratio 0.848 (0.827 of fp8) saves   0.79 ms/step  info  int8    5.61 ms saves  -0.44 ms/step (1.058 of fp8) info  int4    4.43 ms saves   0.74 ms/step (1.010 of nvfp4)
  n3136    M=2048 bf16   23.33 ms  fp8   31.41 ms  ratio 1.346  saves  -8.07 ms/step  info  nvfp4   29.87 ms ratio 1.280 (0.951 of fp8) saves  -6.54 ms/step  info  int8   33.45 ms saves -10.11 ms/step (1.065 of fp8) info  int4   31.55 ms saves  -8.21 ms/step (1.056 of nvfp4)
  n4096    M=256 bf16    6.14 ms  fp8    4.82 ms  ratio 0.784  saves   1.32 ms/step  info  nvfp4    4.43 ms ratio 0.721 (0.919 of fp8) saves   1.72 ms/step  info  int8    5.28 ms saves   0.86 ms/step (1.096 of fp8) info  int4    4.34 ms saves   1.80 ms/step (0.980 of nvfp4)
  n4096    M=2048 bf16   27.45 ms  fp8   29.67 ms  ratio 1.081  saves  -2.22 ms/step  info  nvfp4   30.14 ms ratio 1.098 (1.016 of fp8) saves  -2.69 ms/step  info  int8   33.42 ms saves  -5.97 ms/step (1.126 of fp8) info  int4   29.93 ms saves  -2.48 ms/step (0.993 of nvfp4)
  n6272    M=256 bf16    9.67 ms  fp8   12.94 ms  ratio 1.339  saves  -3.28 ms/step  info  nvfp4    8.18 ms ratio 0.847 (0.632 of fp8) saves   1.48 ms/step  info  int8   12.78 ms saves  -3.11 ms/step (0.987 of fp8) info  int4    8.28 ms saves   1.39 ms/step (1.012 of nvfp4)
  n6272    M=2048 bf16   42.12 ms  fp8   92.55 ms  ratio 2.197  saves -50.43 ms/step  info  nvfp4   57.51 ms ratio 1.366 (0.621 of fp8) saves -15.39 ms/step  info  int8   93.72 ms saves -51.61 ms/step (1.013 of fp8) info  int4   55.31 ms saves -13.19 ms/step (0.962 of nvfp4)
  n8192    M=256 bf16   12.36 ms  fp8   14.90 ms  ratio 1.206  saves  -2.54 ms/step  info  nvfp4    8.58 ms ratio 0.694 (0.576 of fp8) saves   3.78 ms/step  info  int8   15.39 ms saves  -3.03 ms/step (1.033 of fp8) info  int4    8.44 ms saves   3.92 ms/step (0.984 of nvfp4)
  n8192    M=2048 bf16   54.01 ms  fp8  110.33 ms  ratio 2.043  saves -56.32 ms/step  info  nvfp4   60.56 ms ratio 1.121 (0.549 of fp8) saves  -6.55 ms/step  info  int8  111.95 ms saves -57.94 ms/step (1.015 of fp8) info  int4   60.39 ms saves  -6.38 ms/step (0.997 of nvfp4)

PASS: FP8/BF16 time ratio <= 0.6, NVFP4/FP8 <= 0.8 and INT8/FP8 <= 1.1 at M in [0] for every group, fro_rel_err <= 0.1 (FP8 vs BF16), <= 0.02 (NVFP4) and <= 0.02 (INT8/INT4 g128) vs their dequantized weights
rc=0 elapsed_s=29 end 2026-09-28T10:25:45Z
