start 2026-09-28T10:24:12Z git=44507fe3a7deddefe952df6622e886a41d35c56f image=sha256:c9729cc0738f8855fc643fa51be815076cc56ae6053ecde23a74b5e83ca19bb3 host=spark1
running containers:
conduit matrixconduit/matrix-conduit:latest
MemAvailable: MemAvailable:   121330360 kB
WARNING 09-28 10:24:23 [marlin_utils_fp8.py:112] Your GPU does not have native support for FP8 computation but FP8 quantization is being used. Weight-only FP8 compression will be used leveraging the Marlin kernel. This may degrade performance for compute-heavy workloads.
WARNING 09-28 10:24:23 [marlin_utils.py:238] Marlin requires thread-tile padding for some weight shapes in this model. Activations and/or outputs of the padded layers are padded/sliced on every forward; performance may be degraded.
n12576   kda_in_like         12576x4096   M=256 bf16    608.6us  169.3GB/s  fp8   1017.4us   50.8GB/s  ratio 1.672  err max_abs 1.80e-01 max_rel 2.80e-02 fro 2.66e-02 nvfp4    611.0us   47.5GB/s ratio 1.004 (fro 2.54e-03 vs dequant, 0.086 vs bf16) int8   1026.4us   51.1GB/s (fro 1.31e-04 vs dequant, 0.0072 vs bf16) int4    571.0us   46.6GB/s (fro 1.22e-04 vs dequant, 0.1035 vs bf16)
n12576   kda_in_like         12576x4096   M=2048 bf16   2431.8us   42.4GB/s  fp8   8000.5us    6.5GB/s  ratio 3.290  err max_abs 1.89e-01 max_rel 2.65e-02 fro 2.66e-02 nvfp4   4446.7us    6.5GB/s ratio 1.829 (fro 2.54e-03 vs dequant, 0.086 vs bf16) int8   8116.3us    6.5GB/s (fro 1.30e-04 vs dequant, 0.0072 vs bf16) int4   4282.9us    6.2GB/s (fro 1.16e-04 vs dequant, 0.1036 vs bf16)
n12544   kda_in_like         12544x4096   M=256 bf16    600.4us  171.2GB/s  fp8    923.1us   55.7GB/s  ratio 1.538  err max_abs 1.80e-01 max_rel 2.67e-02 fro 2.66e-02 nvfp4    517.3us   55.9GB/s ratio 0.862 (fro 2.51e-03 vs dequant, 0.086 vs bf16) int8    937.2us   55.7GB/s (fro 1.13e-04 vs dequant, 0.0072 vs bf16) int4    464.9us   57.0GB/s (fro 9.95e-05 vs dequant, 0.1035 vs bf16)
n12544   kda_in_like         12544x4096   M=2048 bf16   2394.7us   42.9GB/s  fp8   7285.9us    7.1GB/s  ratio 3.043  err max_abs 1.88e-01 max_rel 2.72e-02 fro 2.66e-02 nvfp4   3861.0us    7.5GB/s ratio 1.612 (fro 2.51e-03 vs dequant, 0.086 vs bf16) int8   7469.7us    7.0GB/s (fro 1.10e-04 vs dequant, 0.0072 vs bf16) int4   3440.9us    7.7GB/s (fro 9.88e-05 vs dequant, 0.1035 vs bf16)
n12608   kda_in_like         12608x4096   M=256 bf16    601.1us  171.8GB/s  fp8    957.9us   53.9GB/s  ratio 1.593  err max_abs 1.91e-01 max_rel 2.90e-02 fro 2.65e-02 nvfp4    553.2us   52.5GB/s ratio 0.920 (fro 2.50e-03 vs dequant, 0.086 vs bf16) int8    967.1us   54.2GB/s (fro 1.30e-04 vs dequant, 0.0072 vs bf16) int4    512.5us   52.0GB/s (fro 1.19e-04 vs dequant, 0.1035 vs bf16)
n12608   kda_in_like         12608x4096   M=2048 bf16   2456.9us   42.0GB/s  fp8   7539.2us    6.9GB/s  ratio 3.069  err max_abs 2.03e-01 max_rel 2.91e-02 fro 2.66e-02 nvfp4   3943.7us    7.4GB/s ratio 1.605 (fro 2.51e-03 vs dequant, 0.086 vs bf16) int8   7694.6us    6.8GB/s (fro 1.30e-04 vs dequant, 0.0072 vs bf16) int4   3794.1us    7.0GB/s (fro 1.15e-04 vs dequant, 0.1036 vs bf16)
n12672   kda_in_like         12672x4096   M=256 bf16    605.5us  171.4GB/s  fp8    958.6us   54.2GB/s  ratio 1.583  err max_abs 1.80e-01 max_rel 2.92e-02 fro 2.66e-02 nvfp4    542.3us   53.8GB/s ratio 0.896 (fro 2.36e-03 vs dequant, 0.086 vs bf16) int8    981.1us   53.7GB/s (fro 1.08e-04 vs dequant, 0.0072 vs bf16) int4    473.9us   56.5GB/s (fro 9.93e-05 vs dequant, 0.1034 vs bf16)
n12672   kda_in_like         12672x4096   M=2048 bf16   2448.0us   42.4GB/s  fp8   7562.4us    6.9GB/s  ratio 3.089  err max_abs 1.82e-01 max_rel 2.25e-02 fro 2.66e-02 nvfp4   4029.1us    7.2GB/s ratio 1.646 (fro 2.36e-03 vs dequant, 0.086 vs bf16) int8   7649.2us    6.9GB/s (fro 1.08e-04 vs dequant, 0.0072 vs bf16) int4   3517.5us    7.6GB/s (fro 9.79e-05 vs dequant, 0.1035 vs bf16)
n12800   kda_in_like         12800x4096   M=256 bf16    579.2us  181.0GB/s  fp8    945.5us   55.5GB/s  ratio 1.632  err max_abs 1.72e-01 max_rel 2.50e-02 fro 2.66e-02 nvfp4    524.8us   56.2GB/s ratio 0.906 (fro 1.80e-03 vs dequant, 0.086 vs bf16) int8    937.9us   56.8GB/s (fro 1.13e-04 vs dequant, 0.0072 vs bf16) int4    468.6us   57.7GB/s (fro 9.89e-05 vs dequant, 0.1036 vs bf16)
n12800   kda_in_like         12800x4096   M=2048 bf16   2422.4us   43.3GB/s  fp8   7492.3us    7.0GB/s  ratio 3.093  err max_abs 1.93e-01 max_rel 2.81e-02 fro 2.66e-02 nvfp4   4083.4us    7.2GB/s ratio 1.686 (fro 1.80e-03 vs dequant, 0.086 vs bf16) int8   7648.0us    7.0GB/s (fro 1.08e-04 vs dequant, 0.0072 vs bf16) int4   3499.1us    7.7GB/s (fro 9.71e-05 vs dequant, 0.1035 vs bf16)

count-weighted per step (one rank):
  n12576   M=256 bf16   20.69 ms  fp8   34.59 ms  ratio 1.672  saves -13.90 ms/step  info  nvfp4   20.77 ms ratio 1.004 (0.601 of fp8) saves  -0.08 ms/step  info  int8   34.90 ms saves -14.20 ms/step (1.009 of fp8) info  int4   19.42 ms saves   1.28 ms/step (0.935 of nvfp4)
  n12576   M=2048 bf16   82.68 ms  fp8  272.02 ms  ratio 3.290  saves -189.33 ms/step  info  nvfp4  151.19 ms ratio 1.829 (0.556 of fp8) saves -68.51 ms/step  info  int8  275.95 ms saves -193.27 ms/step (1.014 of fp8) info  int4  145.62 ms saves -62.94 ms/step (0.963 of nvfp4)
  n12544   M=256 bf16   20.41 ms  fp8   31.39 ms  ratio 1.538  saves -10.97 ms/step  info  nvfp4   17.59 ms ratio 0.862 (0.560 of fp8) saves   2.82 ms/step  info  int8   31.86 ms saves -11.45 ms/step (1.015 of fp8) info  int4   15.81 ms saves   4.60 ms/step (0.899 of nvfp4)
  n12544   M=2048 bf16   81.42 ms  fp8  247.72 ms  ratio 3.043  saves -166.30 ms/step  info  nvfp4  131.27 ms ratio 1.612 (0.530 of fp8) saves -49.85 ms/step  info  int8  253.97 ms saves -172.55 ms/step (1.025 of fp8) info  int4  116.99 ms saves -35.57 ms/step (0.891 of nvfp4)
  n12608   M=256 bf16   20.44 ms  fp8   32.57 ms  ratio 1.593  saves -12.13 ms/step  info  nvfp4   18.81 ms ratio 0.920 (0.578 of fp8) saves   1.63 ms/step  info  int8   32.88 ms saves -12.44 ms/step (1.010 of fp8) info  int4   17.43 ms saves   3.01 ms/step (0.926 of nvfp4)
  n12608   M=2048 bf16   83.53 ms  fp8  256.33 ms  ratio 3.069  saves -172.80 ms/step  info  nvfp4  134.09 ms ratio 1.605 (0.523 of fp8) saves -50.55 ms/step  info  int8  261.61 ms saves -178.08 ms/step (1.021 of fp8) info  int4  129.00 ms saves -45.47 ms/step (0.962 of nvfp4)
  n12672   M=256 bf16   20.59 ms  fp8   32.59 ms  ratio 1.583  saves -12.01 ms/step  info  nvfp4   18.44 ms ratio 0.896 (0.566 of fp8) saves   2.15 ms/step  info  int8   33.36 ms saves -12.77 ms/step (1.023 of fp8) info  int4   16.11 ms saves   4.47 ms/step (0.874 of nvfp4)
  n12672   M=2048 bf16   83.23 ms  fp8  257.12 ms  ratio 3.089  saves -173.89 ms/step  info  nvfp4  136.99 ms ratio 1.646 (0.533 of fp8) saves -53.76 ms/step  info  int8  260.07 ms saves -176.84 ms/step (1.011 of fp8) info  int4  119.59 ms saves -36.36 ms/step (0.873 of nvfp4)
  n12800   M=256 bf16   19.69 ms  fp8   32.15 ms  ratio 1.632  saves -12.45 ms/step  info  nvfp4   17.84 ms ratio 0.906 (0.555 of fp8) saves   1.85 ms/step  info  int8   31.89 ms saves -12.20 ms/step (0.992 of fp8) info  int4   15.93 ms saves   3.76 ms/step (0.893 of nvfp4)
  n12800   M=2048 bf16   82.36 ms  fp8  254.74 ms  ratio 3.093  saves -172.38 ms/step  info  nvfp4  138.83 ms ratio 1.686 (0.545 of fp8) saves -56.47 ms/step  info  int8  260.03 ms saves -177.67 ms/step (1.021 of fp8) info  int4  118.97 ms saves -36.61 ms/step (0.857 of nvfp4)

PASS: FP8/BF16 time ratio <= 0.6, NVFP4/FP8 <= 0.8 and INT8/FP8 <= 1.1 at M in [0] for every group, fro_rel_err <= 0.1 (FP8 vs BF16), <= 0.02 (NVFP4) and <= 0.02 (INT8/INT4 g128) vs their dequantized weights
rc=0 elapsed_s=44 end 2026-09-28T10:24:56Z
