start 2026-09-27T17:13:15Z git=20df9eee2d13dc5333c26f0b17453864d7c09864 image=sha256:03384701172160dbfe74092bf01892411d4562644f234d82aa0be8bd6e3c2220 host=spark1
running containers:
conduit matrixconduit/matrix-conduit:latest
MemAvailable: MemAvailable:   121019464 kB
WARNING 09-27 17:13:25 [marlin_utils_fp8.py:112] Your GPU does not have native support for FP8 computation but FP8 quantization is being used. Weight-only FP8 compression will be used leveraging the Marlin kernel. This may degrade performance for compute-heavy workloads.
WARNING 09-27 17:13:25 [marlin_utils.py:238] Marlin requires thread-tile padding for some weight shapes in this model. Activations and/or outputs of the padded layers are padded/sliced on every forward; performance may be degraded.
kda_in   in_proj_qkvbfg_a    12576x4096   M=1   bf16    608.7us  169.3GB/s  fp8    223.2us  231.4GB/s  ratio 0.367  err max_abs 2.66e-01 max_rel 3.25e-02 fro 2.77e-02 nvfp4    130.6us  222.3GB/s ratio 0.215 (fro 2.46e-03 vs dequant, 0.086 vs bf16)
kda_in   in_proj_qkvbfg_a    12576x4096   M=8   bf16    453.2us  227.3GB/s  fp8    228.7us  225.9GB/s  ratio 0.505  err max_abs 2.81e-01 max_rel 2.24e-02 fro 2.83e-02 nvfp4    137.7us  210.9GB/s ratio 0.304 (fro 2.53e-03 vs dequant, 0.087 vs bf16)
kda_in   in_proj_qkvbfg_a    12576x4096   M=16  bf16    457.0us  225.4GB/s  fp8    238.9us  216.2GB/s  ratio 0.523  err max_abs 3.12e-01 max_rel 3.29e-02 fro 2.81e-02 nvfp4    163.6us  177.6GB/s ratio 0.358 (fro 2.51e-03 vs dequant, 0.086 vs bf16)
kda_in   in_proj_qkvbfg_a    12576x4096   M=32  bf16    464.4us  221.8GB/s  fp8    240.1us  215.2GB/s  ratio 0.517  err max_abs 3.12e-01 max_rel 2.81e-02 fro 2.80e-02 nvfp4    148.2us  196.1GB/s ratio 0.319 (fro 2.51e-03 vs dequant, 0.086 vs bf16)
kda_o    o_proj               4096x4096   M=1   bf16    199.6us  168.1GB/s  fp8     75.4us  222.7GB/s  ratio 0.378  err max_abs 1.25e-01 max_rel 2.76e-02 fro 2.43e-02 nvfp4     45.0us  209.7GB/s ratio 0.225 (fro 2.52e-03 vs dequant, 0.087 vs bf16)
kda_o    o_proj               4096x4096   M=8   bf16    149.7us  224.2GB/s  fp8     75.9us  221.1GB/s  ratio 0.507  err max_abs 1.41e-01 max_rel 2.96e-02 fro 2.48e-02 nvfp4     45.2us  208.7GB/s ratio 0.302 (fro 2.46e-03 vs dequant, 0.086 vs bf16)
kda_o    o_proj               4096x4096   M=16  bf16    150.5us  222.9GB/s  fp8     76.9us  218.2GB/s  ratio 0.511  err max_abs 1.56e-01 max_rel 2.96e-02 fro 2.48e-02 nvfp4     46.4us  203.6GB/s ratio 0.308 (fro 2.45e-03 vs dequant, 0.087 vs bf16)
kda_o    o_proj               4096x4096   M=32  bf16    156.7us  214.2GB/s  fp8     78.7us  213.3GB/s  ratio 0.502  err max_abs 1.64e-01 max_rel 2.72e-02 fro 2.49e-02 nvfp4     49.5us  190.5GB/s ratio 0.316 (fro 4.09e-03 vs dequant, 0.086 vs bf16)
mla      q_b_proj             8192x1536   M=1   bf16    145.5us  173.0GB/s  fp8     57.6us  218.9GB/s  ratio 0.396  err max_abs 1.19e-01 max_rel 2.14e-02 fro 2.53e-02 nvfp4     34.2us  206.7GB/s ratio 0.235 (fro 1.68e-03 vs dequant, 0.082 vs bf16)
mla      q_b_proj             8192x1536   M=8   bf16    118.3us  212.7GB/s  fp8     58.5us  215.4GB/s  ratio 0.494  err max_abs 1.64e-01 max_rel 2.69e-02 fro 2.61e-02 nvfp4     35.0us  202.2GB/s ratio 0.296 (fro 1.71e-03 vs dequant, 0.084 vs bf16)
mla      q_b_proj             8192x1536   M=16  bf16    116.5us  215.9GB/s  fp8     59.8us  210.6GB/s  ratio 0.513  err max_abs 1.72e-01 max_rel 2.66e-02 fro 2.61e-02 nvfp4     36.2us  195.3GB/s ratio 0.311 (fro 1.75e-03 vs dequant, 0.084 vs bf16)
mla      q_b_proj             8192x1536   M=32  bf16    125.4us  200.7GB/s  fp8     62.5us  201.7GB/s  ratio 0.498  err max_abs 1.64e-01 max_rel 2.41e-02 fro 2.61e-02 nvfp4     40.2us  176.1GB/s ratio 0.321 (fro 1.73e-03 vs dequant, 0.084 vs bf16)
mla      o_proj               4096x8192   M=1   bf16    291.1us  230.6GB/s  fp8    152.3us  220.4GB/s  ratio 0.523  err max_abs 1.72e-01 max_rel 2.55e-02 fro 2.63e-02 nvfp4     85.5us  220.8GB/s ratio 0.294 (fro 2.54e-03 vs dequant, 0.083 vs bf16)
mla      o_proj               4096x8192   M=8   bf16    294.3us  228.1GB/s  fp8    150.1us  223.6GB/s  ratio 0.510  err max_abs 2.03e-01 max_rel 2.95e-02 fro 2.60e-02 nvfp4     86.0us  219.4GB/s ratio 0.292 (fro 2.58e-03 vs dequant, 0.082 vs bf16)
mla      o_proj               4096x8192   M=16  bf16    296.3us  226.5GB/s  fp8    150.6us  222.9GB/s  ratio 0.508  err max_abs 1.95e-01 max_rel 2.53e-02 fro 2.58e-02 nvfp4     87.1us  216.8GB/s ratio 0.294 (fro 2.55e-03 vs dequant, 0.082 vs bf16)
mla      o_proj               4096x8192   M=32  bf16    306.1us  219.3GB/s  fp8    156.4us  214.6GB/s  ratio 0.511  err max_abs 2.19e-01 max_rel 2.69e-02 fro 2.59e-02 nvfp4     91.2us  206.9GB/s ratio 0.298 (fro 4.08e-03 vs dequant, 0.083 vs bf16)
shared   gate_up_proj         2048x4096   M=1   bf16    103.2us  162.5GB/s  fp8     39.6us  211.8GB/s  ratio 0.384  err max_abs 1.88e-01 max_rel 4.29e-02 fro 2.50e-02 nvfp4     25.2us  187.4GB/s ratio 0.244 (fro 2.59e-03 vs dequant, 0.089 vs bf16)
shared   gate_up_proj         2048x4096   M=8   bf16     79.2us  211.9GB/s  fp8     39.8us  210.7GB/s  ratio 0.503  err max_abs 1.88e-01 max_rel 2.65e-02 fro 2.49e-02 nvfp4     25.4us  185.9GB/s ratio 0.320 (fro 2.36e-03 vs dequant, 0.085 vs bf16)
shared   gate_up_proj         2048x4096   M=16  bf16     82.6us  203.1GB/s  fp8     40.7us  206.2GB/s  ratio 0.493  err max_abs 2.50e-01 max_rel 2.72e-02 fro 2.53e-02 nvfp4     26.3us  179.4GB/s ratio 0.318 (fro 2.38e-03 vs dequant, 0.085 vs bf16)
shared   gate_up_proj         2048x4096   M=32  bf16     80.1us  209.4GB/s  fp8     41.4us  202.9GB/s  ratio 0.516  err max_abs 2.19e-01 max_rel 2.78e-02 fro 2.50e-02 nvfp4     27.0us  174.8GB/s ratio 0.337 (fro 2.39e-03 vs dequant, 0.085 vs bf16)
shared   down_proj            4096x1024   M=1   bf16     50.5us  166.0GB/s  fp8     22.0us  190.8GB/s  ratio 0.436  err max_abs 5.86e-02 max_rel 3.59e-02 fro 2.67e-02 nvfp4     14.0us  168.7GB/s ratio 0.277 (fro 2.71e-03 vs dequant, 0.083 vs bf16)
shared   down_proj            4096x1024   M=8   bf16     39.9us  210.3GB/s  fp8     22.3us  188.4GB/s  ratio 0.559  err max_abs 6.25e-02 max_rel 2.60e-02 fro 2.66e-02 nvfp4     14.2us  165.8GB/s ratio 0.357 (fro 2.74e-03 vs dequant, 0.083 vs bf16)
shared   down_proj            4096x1024   M=16  bf16     40.3us  208.2GB/s  fp8     23.2us  181.1GB/s  ratio 0.576  err max_abs 7.03e-02 max_rel 3.54e-02 fro 2.70e-02 nvfp4     15.0us  156.8GB/s ratio 0.373 (fro 2.76e-03 vs dequant, 0.084 vs bf16)
shared   down_proj            4096x1024   M=32  bf16     44.0us  190.5GB/s  fp8     26.9us  156.4GB/s  ratio 0.610  err max_abs 6.25e-02 max_rel 3.03e-02 fro 2.69e-02 nvfp4     18.8us  125.5GB/s ratio 0.427 (fro 4.30e-03 vs dequant, 0.083 vs bf16)
lm_head  lm_head             77440x4096   M=1   bf16   3651.7us  173.7GB/s  fp8   1372.0us  231.3GB/s  ratio 0.376  err max_abs 1.51e-01 max_rel 2.79e-02 fro 2.80e-02 nvfp4    778.0us  229.3GB/s ratio 0.213 (fro 2.58e-03 vs dequant, 0.090 vs bf16)
lm_head  lm_head             77440x4096   M=8   bf16   2772.3us  228.8GB/s  fp8   1389.0us  228.5GB/s  ratio 0.501  err max_abs 1.56e-01 max_rel 2.42e-02 fro 2.61e-02 nvfp4    778.3us  229.3GB/s ratio 0.281 (fro 2.51e-03 vs dequant, 0.085 vs bf16)
lm_head  lm_head             77440x4096   M=16  bf16   2784.4us  227.8GB/s  fp8   1380.8us  229.8GB/s  ratio 0.496  err max_abs 1.88e-01 max_rel 2.78e-02 fro 2.67e-02 nvfp4    798.7us  223.4GB/s ratio 0.287 (fro 2.54e-03 vs dequant, 0.087 vs bf16)
lm_head  lm_head             77440x4096   M=32  bf16   2974.7us  213.3GB/s  fp8   1402.2us  226.3GB/s  ratio 0.471  err max_abs 1.88e-01 max_rel 2.74e-02 fro 2.66e-02 nvfp4    816.8us  218.5GB/s ratio 0.275 (fro 2.53e-03 vs dequant, 0.086 vs bf16)
draft    qkv_proj             3072x4096   M=1   bf16    152.1us  165.5GB/s  fp8     57.6us  218.5GB/s  ratio 0.379  err max_abs 6.80e-01 max_rel 3.02e-02 fro 2.56e-02 nvfp4     34.6us  204.7GB/s ratio 0.227 (fro 2.11e-03 vs dequant, 0.084 vs bf16)
draft    qkv_proj             3072x4096   M=8   bf16    114.2us  220.3GB/s  fp8     58.0us  216.9GB/s  ratio 0.508  err max_abs 8.44e-01 max_rel 3.25e-02 fro 2.69e-02 nvfp4     34.9us  203.0GB/s ratio 0.305 (fro 2.11e-03 vs dequant, 0.086 vs bf16)
draft    qkv_proj             3072x4096   M=16  bf16    114.6us  219.5GB/s  fp8     59.4us  211.9GB/s  ratio 0.518  err max_abs 7.97e-01 max_rel 3.08e-02 fro 2.69e-02 nvfp4     35.7us  198.2GB/s ratio 0.311 (fro 2.12e-03 vs dequant, 0.087 vs bf16)
draft    qkv_proj             3072x4096   M=32  bf16    118.1us  213.1GB/s  fp8     57.6us  218.4GB/s  ratio 0.488  err max_abs 7.19e-01 max_rel 2.33e-02 fro 2.67e-02 nvfp4     35.2us  200.8GB/s ratio 0.298 (fro 4.04e-03 vs dequant, 0.086 vs bf16)
draft    o_proj               4096x2048   M=1   bf16    101.5us  165.3GB/s  fp8     39.5us  212.4GB/s  ratio 0.390  err max_abs 4.69e-01 max_rel 3.23e-02 fro 2.58e-02 nvfp4     24.4us  193.1GB/s ratio 0.241 (fro 2.54e-03 vs dequant, 0.085 vs bf16)
draft    o_proj               4096x2048   M=8   bf16     79.8us  210.3GB/s  fp8     39.9us  210.2GB/s  ratio 0.501  err max_abs 3.98e-01 max_rel 2.34e-02 fro 2.66e-02 nvfp4     24.8us  190.5GB/s ratio 0.311 (fro 2.58e-03 vs dequant, 0.086 vs bf16)
draft    o_proj               4096x2048   M=16  bf16     78.4us  214.1GB/s  fp8     40.8us  206.0GB/s  ratio 0.520  err max_abs 4.59e-01 max_rel 2.70e-02 fro 2.65e-02 nvfp4     25.7us  183.8GB/s ratio 0.328 (fro 2.59e-03 vs dequant, 0.086 vs bf16)
draft    o_proj               4096x2048   M=32  bf16     83.0us  202.2GB/s  fp8     43.9us  191.5GB/s  ratio 0.529  err max_abs 5.00e-01 max_rel 2.47e-02 fro 2.68e-02 nvfp4     29.1us  162.1GB/s ratio 0.351 (fro 4.29e-03 vs dequant, 0.086 vs bf16)
draft    gate_up_proj        12288x4096   M=1   bf16    585.9us  171.8GB/s  fp8    220.6us  228.3GB/s  ratio 0.376  err max_abs 8.28e-01 max_rel 2.55e-02 fro 2.62e-02 nvfp4    125.1us  226.3GB/s ratio 0.214 (fro 2.85e-03 vs dequant, 0.085 vs bf16)
draft    gate_up_proj        12288x4096   M=8   bf16    447.1us  225.2GB/s  fp8    222.1us  226.7GB/s  ratio 0.497  err max_abs 1.00e+00 max_rel 2.96e-02 fro 2.66e-02 nvfp4    125.8us  225.1GB/s ratio 0.281 (fro 2.81e-03 vs dequant, 0.086 vs bf16)
draft    gate_up_proj        12288x4096   M=16  bf16    450.3us  223.6GB/s  fp8    220.9us  228.0GB/s  ratio 0.491  err max_abs 1.02e+00 max_rel 2.45e-02 fro 2.65e-02 nvfp4    127.7us  221.7GB/s ratio 0.284 (fro 2.81e-03 vs dequant, 0.086 vs bf16)
draft    gate_up_proj        12288x4096   M=32  bf16    450.8us  223.3GB/s  fp8    223.5us  225.3GB/s  ratio 0.496  err max_abs 1.12e+00 max_rel 3.26e-02 fro 2.66e-02 nvfp4    132.1us  214.4GB/s ratio 0.293 (fro 2.80e-03 vs dequant, 0.086 vs bf16)
draft    down_proj            4096x6144   M=1   bf16    221.9us  226.8GB/s  fp8    114.1us  220.7GB/s  ratio 0.514  err max_abs 7.66e-01 max_rel 2.69e-02 fro 2.64e-02 nvfp4     64.8us  218.6GB/s ratio 0.292 (fro 2.50e-03 vs dequant, 0.084 vs bf16)
draft    down_proj            4096x6144   M=8   bf16    224.9us  223.8GB/s  fp8    114.3us  220.3GB/s  ratio 0.508  err max_abs 8.75e-01 max_rel 2.30e-02 fro 2.66e-02 nvfp4     70.9us  199.5GB/s ratio 0.315 (fro 2.51e-03 vs dequant, 0.086 vs bf16)
draft    down_proj            4096x6144   M=16  bf16    228.7us  220.1GB/s  fp8    112.9us  222.9GB/s  ratio 0.494  err max_abs 1.12e+00 max_rel 3.06e-02 fro 2.65e-02 nvfp4     67.8us  208.7GB/s ratio 0.297 (fro 2.50e-03 vs dequant, 0.086 vs bf16)
draft    down_proj            4096x6144   M=32  bf16    230.8us  218.1GB/s  fp8    118.5us  212.5GB/s  ratio 0.513  err max_abs 1.19e+00 max_rel 3.01e-02 fro 2.67e-02 nvfp4     69.9us  202.4GB/s ratio 0.303 (fro 4.21e-03 vs dequant, 0.086 vs bf16)
INFO 09-27 17:13:40 [marlin_utils.py:625] Marlin kernel can achieve better performance for small size_n with experimental use_atomic_add feature. You can consider set environment variable VLLM_MARLIN_USE_ATOMIC_ADD to 1 if possible.
draft    kernel_projection    1024x4096   M=1   bf16     53.7us  156.2GB/s  fp8     21.9us  191.3GB/s  ratio 0.408  err max_abs 4.38e-01 max_rel 2.71e-02 fro 2.69e-02 nvfp4     14.7us  160.2GB/s ratio 0.274 (fro 2.56e-03 vs dequant, 0.086 vs bf16)
draft    kernel_projection    1024x4096   M=8   bf16     44.9us  186.6GB/s  fp8     22.1us  190.1GB/s  ratio 0.491  err max_abs 8.44e-01 max_rel 3.71e-02 fro 2.65e-02 nvfp4     14.8us  159.5GB/s ratio 0.329 (fro 2.69e-03 vs dequant, 0.086 vs bf16)
draft    kernel_projection    1024x4096   M=16  bf16     44.9us  186.7GB/s  fp8     22.6us  186.1GB/s  ratio 0.502  err max_abs 6.25e-01 max_rel 1.60e-02 fro 2.61e-02 nvfp4     15.4us  153.5GB/s ratio 0.342 (fro 2.61e-03 vs dequant, 0.086 vs bf16)
draft    kernel_projection    1024x4096   M=32  bf16     41.2us  203.5GB/s  fp8     23.5us  178.6GB/s  ratio 0.570  err max_abs 8.12e-01 max_rel 2.58e-02 fro 2.66e-02 nvfp4     16.1us  146.6GB/s ratio 0.391 (fro 2.65e-03 vs dequant, 0.086 vs bf16)
draft    fc                   4096x20480  M=1   bf16    728.7us  230.2GB/s  fp8    367.8us  228.1GB/s  ratio 0.505  err max_abs 2.06e+00 max_rel 2.15e-02 fro 2.57e-02 nvfp4    208.1us  226.8GB/s ratio 0.286 (fro 2.86e-03 vs dequant, 0.085 vs bf16)
draft    fc                   4096x20480  M=8   bf16    742.3us  226.0GB/s  fp8    370.3us  226.5GB/s  ratio 0.499  err max_abs 3.00e+00 max_rel 2.88e-02 fro 2.64e-02 nvfp4    212.5us  222.0GB/s ratio 0.286 (fro 2.86e-03 vs dequant, 0.086 vs bf16)
draft    fc                   4096x20480  M=16  bf16    761.8us  220.2GB/s  fp8    374.4us  224.1GB/s  ratio 0.492  err max_abs 2.96e+00 max_rel 2.95e-02 fro 2.69e-02 nvfp4    225.0us  209.7GB/s ratio 0.295 (fro 2.88e-03 vs dequant, 0.087 vs bf16)
draft    fc                   4096x20480  M=32  bf16    761.8us  220.2GB/s  fp8    376.7us  222.7GB/s  ratio 0.495  err max_abs 3.00e+00 max_rel 2.67e-02 fro 2.68e-02 nvfp4    224.8us  209.9GB/s ratio 0.295 (fro 4.38e-03 vs dequant, 0.087 vs bf16)
draft    hidden_projection     256x4096   M=1   bf16     10.5us  199.0GB/s  fp8     11.7us   89.7GB/s  ratio 1.110  err max_abs 7.23e-02 max_rel 2.28e-02 fro 2.51e-02 nvfp4     11.5us   51.2GB/s ratio 1.094 (fro 0.00e+00 vs dequant, 0.086 vs bf16)
draft    hidden_projection     256x4096   M=8   bf16     12.9us  162.4GB/s  fp8     11.7us   89.9GB/s  ratio 0.904  err max_abs 1.05e-01 max_rel 2.78e-02 fro 2.70e-02 nvfp4     11.6us   51.0GB/s ratio 0.895 (fro 2.59e-03 vs dequant, 0.086 vs bf16)
draft    hidden_projection     256x4096   M=16  bf16     13.0us  160.7GB/s  fp8     13.9us   75.7GB/s  ratio 1.063  err max_abs 1.09e-01 max_rel 2.63e-02 fro 2.57e-02 nvfp4     14.1us   41.8GB/s ratio 1.081 (fro 2.52e-03 vs dequant, 0.086 vs bf16)
draft    hidden_projection     256x4096   M=32  bf16     12.2us  172.4GB/s  fp8     15.1us   69.5GB/s  ratio 1.241  err max_abs 1.09e-01 max_rel 1.78e-02 fro 2.64e-02 nvfp4     15.0us   39.4GB/s ratio 1.230 (fro 0.00e+00 vs dequant, 0.086 vs bf16)

count-weighted per step (one rank):
  draft    M=1   bf16    6.58 ms  fp8    2.76 ms  ratio 0.419  saves   3.83 ms/step  info  nvfp4    1.61 ms ratio 0.245 (0.584 of fp8) saves   4.97 ms/step  info
  draft    M=8   bf16    5.53 ms  fp8    2.77 ms  ratio 0.501  saves   2.76 ms/step  PASS  nvfp4    1.65 ms ratio 0.299 (0.596 of fp8) saves   3.88 ms/step  PASS
  draft    M=16  bf16    5.58 ms  fp8    2.78 ms  ratio 0.499  saves   2.80 ms/step  PASS  nvfp4    1.68 ms ratio 0.300 (0.602 of fp8) saves   3.91 ms/step  PASS
  draft    M=32  bf16    5.60 ms  fp8    2.84 ms  ratio 0.508  saves   2.75 ms/step  info  nvfp4    1.73 ms ratio 0.309 (0.609 of fp8) saves   3.87 ms/step  info
  shared   M=1   bf16    6.46 ms  fp8    2.59 ms  ratio 0.401  saves   3.87 ms/step  info  nvfp4    1.65 ms ratio 0.255 (0.635 of fp8) saves   4.81 ms/step  info
  shared   M=8   bf16    5.00 ms  fp8    2.61 ms  ratio 0.522  saves   2.39 ms/step  PASS  nvfp4    1.66 ms ratio 0.333 (0.638 of fp8) saves   3.34 ms/step  PASS
  shared   M=16  bf16    5.16 ms  fp8    2.68 ms  ratio 0.520  saves   2.48 ms/step  PASS  nvfp4    1.74 ms ratio 0.336 (0.647 of fp8) saves   3.43 ms/step  PASS
  shared   M=32  bf16    5.21 ms  fp8    2.87 ms  ratio 0.550  saves   2.35 ms/step  info  nvfp4    1.92 ms ratio 0.369 (0.671 of fp8) saves   3.29 ms/step  info
  mla      M=1   bf16    4.80 ms  fp8    2.31 ms  ratio 0.481  saves   2.49 ms/step  info  nvfp4    1.32 ms ratio 0.274 (0.570 of fp8) saves   3.49 ms/step  info
  mla      M=8   bf16    4.54 ms  fp8    2.29 ms  ratio 0.506  saves   2.24 ms/step  PASS  nvfp4    1.33 ms ratio 0.293 (0.580 of fp8) saves   3.21 ms/step  PASS
  mla      M=16  bf16    4.54 ms  fp8    2.31 ms  ratio 0.510  saves   2.23 ms/step  PASS  nvfp4    1.36 ms ratio 0.299 (0.586 of fp8) saves   3.19 ms/step  PASS
  mla      M=32  bf16    4.75 ms  fp8    2.41 ms  ratio 0.507  saves   2.34 ms/step  info  nvfp4    1.45 ms ratio 0.305 (0.601 of fp8) saves   3.30 ms/step  info
  kda_o    M=1   bf16    6.79 ms  fp8    2.56 ms  ratio 0.378  saves   4.23 ms/step  info  nvfp4    1.53 ms ratio 0.225 (0.597 of fp8) saves   5.26 ms/step  info
  kda_o    M=8   bf16    5.09 ms  fp8    2.58 ms  ratio 0.507  saves   2.51 ms/step  PASS  nvfp4    1.54 ms ratio 0.302 (0.596 of fp8) saves   3.55 ms/step  PASS
  kda_o    M=16  bf16    5.12 ms  fp8    2.62 ms  ratio 0.511  saves   2.50 ms/step  PASS  nvfp4    1.58 ms ratio 0.308 (0.603 of fp8) saves   3.54 ms/step  PASS
  kda_o    M=32  bf16    5.33 ms  fp8    2.68 ms  ratio 0.502  saves   2.65 ms/step  info  nvfp4    1.68 ms ratio 0.316 (0.629 of fp8) saves   3.64 ms/step  info
  kda_in   M=1   bf16   20.69 ms  fp8    7.59 ms  ratio 0.367  saves  13.10 ms/step  info  nvfp4    4.44 ms ratio 0.215 (0.585 of fp8) saves  16.25 ms/step  info
  kda_in   M=8   bf16   15.41 ms  fp8    7.78 ms  ratio 0.505  saves   7.63 ms/step  PASS  nvfp4    4.68 ms ratio 0.304 (0.602 of fp8) saves  10.72 ms/step  PASS
  kda_in   M=16  bf16   15.54 ms  fp8    8.12 ms  ratio 0.523  saves   7.41 ms/step  PASS  nvfp4    5.56 ms ratio 0.358 (0.685 of fp8) saves   9.98 ms/step  PASS
  kda_in   M=32  bf16   15.79 ms  fp8    8.16 ms  ratio 0.517  saves   7.63 ms/step  info  nvfp4    5.04 ms ratio 0.319 (0.617 of fp8) saves  10.75 ms/step  info
  lm_head  M=1   bf16    7.30 ms  fp8    2.74 ms  ratio 0.376  saves   4.56 ms/step  info  nvfp4    1.56 ms ratio 0.213 (0.567 of fp8) saves   5.75 ms/step  info
  lm_head  M=8   bf16    5.54 ms  fp8    2.78 ms  ratio 0.501  saves   2.77 ms/step  PASS  nvfp4    1.56 ms ratio 0.281 (0.560 of fp8) saves   3.99 ms/step  PASS
  lm_head  M=16  bf16    5.57 ms  fp8    2.76 ms  ratio 0.496  saves   2.81 ms/step  PASS  nvfp4    1.60 ms ratio 0.287 (0.578 of fp8) saves   3.97 ms/step  PASS
  lm_head  M=32  bf16    5.95 ms  fp8    2.80 ms  ratio 0.471  saves   3.15 ms/step  info  nvfp4    1.63 ms ratio 0.275 (0.582 of fp8) saves   4.32 ms/step  info

PASS: FP8/BF16 time ratio <= 0.6 and NVFP4/FP8 <= 0.8 at M in [8, 16] for every group, fro_rel_err <= 0.1 (FP8 vs BF16) and <= 0.02 (NVFP4 vs its dequantized weights)
rc=0 elapsed_s=28 end 2026-09-27T17:13:43Z
