start 2026-09-28T11:26:50Z git=44507fe3a7deddefe952df6622e886a41d35c56f image=sha256:c9729cc0738f8855fc643fa51be815076cc56ae6053ecde23a74b5e83ca19bb3 host=spark1
running containers:
conduit matrixconduit/matrix-conduit:latest
MemAvailable: MemAvailable:   122365620 kB
WARNING 09-28 11:27:08 [marlin_utils_fp8.py:112] Your GPU does not have native support for FP8 computation but FP8 quantization is being used. Weight-only FP8 compression will be used leveraging the Marlin kernel. This may degrade performance for compute-heavy workloads.
WARNING 09-28 11:27:08 [marlin_utils.py:238] Marlin requires thread-tile padding for some weight shapes in this model. Activations and/or outputs of the padded layers are padded/sliced on every forward; performance may be degraded.
kda_in   in_proj_qkvbfg_a    12576x4096   M=1152 bf16   1273.3us   80.9GB/s  fp8   4536.6us   11.4GB/s  ratio 3.563  err max_abs 3.55e-01 max_rel 2.44e-02 fro 2.80e-02 nvfp4   2543.8us   11.4GB/s ratio 1.998 (fro 2.51e-03 vs dequant, 0.086 vs bf16) int8   4579.4us   11.5GB/s (fro 1.30e-04 vs dequant, 0.0075 vs bf16) int4   2401.1us   11.1GB/s (fro 1.18e-04 vs dequant, 0.1050 vs bf16)
kda_o    o_proj               4096x4096   M=1152 bf16    457.6us   73.3GB/s  fp8    502.6us   33.4GB/s  ratio 1.098  err max_abs 1.88e-01 max_rel 2.87e-02 fro 2.47e-02 nvfp4    490.9us   19.2GB/s ratio 1.073 (fro 2.45e-03 vs dequant, 0.086 vs bf16) int8    555.1us   30.7GB/s (fro 1.07e-04 vs dequant, 0.0075 vs bf16) int4    491.5us   17.6GB/s (fro 9.48e-05 vs dequant, 0.1081 vs bf16)
mla      q_b_proj             8192x1536   M=1152 bf16    360.8us   69.7GB/s  fp8    446.4us   28.2GB/s  ratio 1.237  err max_abs 2.19e-01 max_rel 2.83e-02 fro 2.61e-02 nvfp4    420.2us   16.8GB/s ratio 1.165 (fro 1.73e-03 vs dequant, 0.084 vs bf16) int8    490.4us   26.1GB/s (fro 6.69e-05 vs dequant, 0.0078 vs bf16) int4    418.4us   15.5GB/s (fro 5.10e-05 vs dequant, 0.1173 vs bf16)
mla      o_proj               4096x8192   M=1152 bf16   1131.6us   59.3GB/s  fp8   1021.8us   32.8GB/s  ratio 0.903  err max_abs 2.66e-01 max_rel 2.85e-02 fro 2.57e-02 nvfp4    960.2us   19.7GB/s ratio 0.848 (fro 2.57e-03 vs dequant, 0.082 vs bf16) int8   1088.3us   31.3GB/s (fro 1.57e-04 vs dequant, 0.0073 vs bf16) int4    962.5us   18.0GB/s (fro 1.34e-04 vs dequant, 0.1034 vs bf16)
shared   gate_up_proj         2048x4096   M=1152 bf16    220.7us   76.0GB/s  fp8    245.0us   34.3GB/s  ratio 1.110  err max_abs 2.50e-01 max_rel 2.31e-02 fro 2.51e-02 nvfp4    246.7us   19.1GB/s ratio 1.118 (fro 2.42e-03 vs dequant, 0.085 vs bf16) int8    276.3us   30.8GB/s (fro 1.02e-04 vs dequant, 0.0072 vs bf16) int4    248.0us   17.4GB/s (fro 9.23e-05 vs dequant, 0.1043 vs bf16)
shared   down_proj            4096x1024   M=1152 bf16    131.4us   63.9GB/s  fp8    153.8us   27.3GB/s  ratio 1.170  err max_abs 9.38e-02 max_rel 3.49e-02 fro 2.68e-02 nvfp4    150.2us   15.7GB/s ratio 1.143 (fro 2.74e-03 vs dequant, 0.083 vs bf16) int8    166.7us   25.6GB/s (fro 4.96e-05 vs dequant, 0.0074 vs bf16) int4    144.0us   15.0GB/s (fro 3.59e-05 vs dequant, 0.1083 vs bf16)
lm_head  lm_head             77440x4096   M=1152 bf16   8196.5us   77.4GB/s  fp8  25640.9us   12.4GB/s  ratio 3.128  err max_abs 2.50e-01 max_rel 3.21e-02 fro 2.65e-02 nvfp4  14971.1us   11.9GB/s ratio 1.827 (fro 2.52e-03 vs dequant, 0.086 vs bf16) int8  26202.2us   12.3GB/s (fro 1.08e-04 vs dequant, 0.0072 vs bf16) int4  13928.9us   11.7GB/s (fro 9.63e-05 vs dequant, 0.1043 vs bf16)

count-weighted per step (one rank):
  shared   M=1152 bf16   14.79 ms  fp8   16.75 ms  ratio 1.133  saves  -1.96 ms/step  info  nvfp4   16.67 ms ratio 1.127 (0.995 of fp8) saves  -1.88 ms/step  info  int8   18.61 ms saves  -3.82 ms/step (1.111 of fp8) info  int4   16.46 ms saves  -1.68 ms/step (0.988 of nvfp4)
  mla      M=1152 bf16   16.42 ms  fp8   16.15 ms  ratio 0.984  saves   0.27 ms/step  info  nvfp4   15.18 ms ratio 0.925 (0.940 of fp8) saves   1.23 ms/step  info  int8   17.37 ms saves  -0.95 ms/step (1.075 of fp8) info  int4   15.19 ms saves   1.23 ms/step (1.000 of nvfp4)
  kda_o    M=1152 bf16   15.56 ms  fp8   17.09 ms  ratio 1.098  saves  -1.53 ms/step  info  nvfp4   16.69 ms ratio 1.073 (0.977 of fp8) saves  -1.13 ms/step  info  int8   18.87 ms saves  -3.32 ms/step (1.105 of fp8) info  int4   16.71 ms saves  -1.15 ms/step (1.001 of nvfp4)
  kda_in   M=1152 bf16   43.29 ms  fp8  154.24 ms  ratio 3.563  saves -110.95 ms/step  info  nvfp4   86.49 ms ratio 1.998 (0.561 of fp8) saves -43.20 ms/step  info  int8  155.70 ms saves -112.41 ms/step (1.009 of fp8) info  int4   81.64 ms saves -38.34 ms/step (0.944 of nvfp4)
  lm_head  M=1152 bf16   16.39 ms  fp8   51.28 ms  ratio 3.128  saves -34.89 ms/step  info  nvfp4   29.94 ms ratio 1.827 (0.584 of fp8) saves -13.55 ms/step  info  int8   52.40 ms saves -36.01 ms/step (1.022 of fp8) info  int4   27.86 ms saves -11.46 ms/step (0.930 of nvfp4)

PASS: FP8/BF16 time ratio <= 0.6, NVFP4/FP8 <= 0.8 and INT8/FP8 <= 1.1 at M in [0] for every group, fro_rel_err <= 0.1 (FP8 vs BF16), <= 0.02 (NVFP4) and <= 0.02 (INT8/INT4 g128) vs their dequantized weights
rc=0 elapsed_s=43 end 2026-09-28T11:27:33Z
