==> role=head host=spark1
==> Image parity OK: glm53-sm121-v13 is sha256:56c6084f422c4ab3ac20c0b56fe826b3c01e5dbe933c65360b17e97a225a6359 on spark1 and spark2
==> Starting worker on spark2 first
==> role=worker host=spark2
==> Ensuring image glm53-sm121-v13
==> Using pinned snapshot /home/sfxnz/.cache/huggingface/hub/models--nvidia--GLM-5.3-Flash-NVFP4/snapshots/09b04e5e74bca08ca8549fc736d4cdd8624bfde3
==> Using pinned draft snapshot /home/sfxnz/.cache/huggingface/hub/models--incoai--GLM-5.3-Flash-DFlash2/snapshots/7d74cdd881ed7e32c31175984a67823127b66cfe
==> JIT cache /home/sfxnz/projects/data/glm53-jit-cache/56c6084f422c -> /jit-cache
==> Starting glm53-flash-nvfp4 rank=1 model=/cache/huggingface/hub/models--nvidia--GLM-5.3-Flash-NVFP4/snapshots/09b04e5e74bca08ca8549fc736d4cdd8624bfde3 ctx=327680 kv=4445787956 eager=0 spec=dflash2
41668c2d6e0d48973cd047a64d36d74ce764ca61b5f08d8883c81229d9bd7ada
==> Worker rank 1 is up. Head should start next.
==> Worker container started. Waiting 25s for NCCL listen, then starting head
==> Ensuring image glm53-sm121-v13
==> Using pinned snapshot /home/sfxnz/.cache/huggingface/hub/models--nvidia--GLM-5.3-Flash-NVFP4/snapshots/09b04e5e74bca08ca8549fc736d4cdd8624bfde3
==> Using pinned draft snapshot /home/sfxnz/.cache/huggingface/hub/models--incoai--GLM-5.3-Flash-DFlash2/snapshots/7d74cdd881ed7e32c31175984a67823127b66cfe
==> JIT cache /home/sfxnz/projects/data/glm53-jit-cache/56c6084f422c -> /jit-cache
==> Starting glm53-flash-nvfp4 rank=0 model=/cache/huggingface/hub/models--nvidia--GLM-5.3-Flash-NVFP4/snapshots/09b04e5e74bca08ca8549fc736d4cdd8624bfde3 ctx=327680 kv=4445787956 eager=0 spec=dflash2
aa9a5ef5caffaf201651c8d741156799df24693e29bc93a474a0c5a143e50ea6
==> Waiting for http://127.0.0.1:8000/v1/models
==> still loading… (12×5s) — docker logs -f glm53-flash-nvfp4
==> still loading… (24×5s) — docker logs -f glm53-flash-nvfp4
==> still loading… (36×5s) — docker logs -f glm53-flash-nvfp4
==> still loading… (48×5s) — docker logs -f glm53-flash-nvfp4
==> still loading… (60×5s) — docker logs -f glm53-flash-nvfp4
==> still loading… (72×5s) — docker logs -f glm53-flash-nvfp4
==> still loading… (84×5s) — docker logs -f glm53-flash-nvfp4
==> still loading… (96×5s) — docker logs -f glm53-flash-nvfp4
==> still loading… (108×5s) — docker logs -f glm53-flash-nvfp4
==> still loading… (120×5s) — docker logs -f glm53-flash-nvfp4
==> still loading… (132×5s) — docker logs -f glm53-flash-nvfp4
==> still loading… (144×5s) — docker logs -f glm53-flash-nvfp4
==> still loading… (156×5s) — docker logs -f glm53-flash-nvfp4
==> still loading… (168×5s) — docker logs -f glm53-flash-nvfp4
Container exited early. Logs:
Error response from daemon: No such container: glm53-flash-nvfp4
run.sh rc=1 2026-09-28T01:06:39Z
