   "n": 120,
   "correct": 114,
   "errors": 0,
   "acc": 0.95
  },
  "chartqa": {
   "n": 100,
   "correct": 92,
   "errors": 0,
   "acc": 0.92
  },
  "ocrbench": {
   "n": 100,
   "correct": 82,
   "errors": 0,
   "acc": 0.82
  },
  "mmmu": {
   "n": 60,
   "correct": 39,
   "errors": 0,
   "acc": 0.65
  }
 }
}
[tier1 rc=0]
pooled n=1010 A=84.85 B=85.45 diff=+0.59 pts se=0.74 ci95=[-0.858, 2.047] floor=-2.0 -> PASS
group BFCL      n= 120 A= 95.00 B= 95.00 diff= +0.00 A-only=0 B-only=0 p=1.0000 -> ok
group GSM8K     n= 200 A= 95.00 B= 97.50 diff= +2.50 A-only=0 B-only=5 p=0.0625 -> ok
group IFEval    n= 150 A= 70.67 B= 72.00 diff= +1.33 A-only=12 B-only=14 p=0.8450 -> ok
group MMLU-Pro  n= 280 A= 83.57 B= 83.21 diff= -0.36 A-only=10 B-only=9 p=1.0000 -> ok
group Vision    n= 260 A= 81.92 B= 81.92 diff= +0.00 A-only=3 B-only=3 p=1.0000 -> ok
task  bfcl      n= 120 A= 95.00 B= 95.00 diff= +0.00
task  chartqa   n= 100 A= 92.00 B= 92.00 diff= +0.00
task  gsm8k     n= 200 A= 95.00 B= 97.50 diff= +2.50
task  ifeval    n= 150 A= 70.67 B= 72.00 diff= +1.33
task  mmlu_pro  n= 280 A= 83.57 B= 83.21 diff= -0.36
task  mmmu      n=  60 A= 65.00 B= 65.00 diff= +0.00
task  ocrbench  n= 100 A= 82.00 B= 82.00 diff= +0.00
errors dropped=0 unpaired={'only_a': 0, 'only_b': 0}
VERDICT PASS
[tier1-compare rc=0]
== 2026-09-28T07:18:36Z tier1.sh done
