2026-09-28T04:57:26.561Z ssh ControlMaster up for spark2
2026-09-28T04:57:26.562Z watching glm53-flash-nvfp4 head=spark1 worker=spark2 phase=LOAD floors={'LOAD': 10.0, 'PROFILE': 8.0, 'KV_READY': 3.0, 'SERVING': 2.0} kill_log_regex='' kill_compiler_regex=''
2026-09-28T04:58:51.152Z head: (Worker_TP0 pid=391) INFO 09-28 04:58:51 [__init__.py:1073] Using MarlinNvFp4LinearKernel for NVFP4 GEMM
2026-09-28T04:58:51.167Z worker: (Worker_TP1 pid=334) INFO 09-28 04:58:51 [__init__.py:1073] Using MarlinNvFp4LinearKernel for NVFP4 GEMM
2026-09-28T04:58:51.254Z head: (Worker_TP0 pid=391) INFO 09-28 04:58:51 [nvfp4.py:244] Using 'MARLIN' NvFp4 MoE backend out of potential backends: ['FLASHINFER_TRTLLM', 'FLASHINFER_CUTEDSL', 'FLASHINFER_CUTLASS', 'VLLM_CUTLASS', 'MARLIN', 'HUMMING', 'EMULATION'].
2026-09-28T04:58:51.289Z worker: (Worker_TP1 pid=334) INFO 09-28 04:58:51 [nvfp4.py:244] Using 'MARLIN' NvFp4 MoE backend out of potential backends: ['FLASHINFER_TRTLLM', 'FLASHINFER_CUTEDSL', 'FLASHINFER_CUTLASS', 'VLLM_CUTLASS', 'MARLIN', 'HUMMING', 'EMULATION'].
2026-09-28T05:03:21.570Z worker: (Worker_TP1 pid=334) INFO 09-28 05:03:21 [model_runner.py:375] Model loading took 86.18 GiB and 270.753086 seconds
2026-09-28T05:13:16.187Z head: (Worker_TP0 pid=391) INFO 09-28 05:13:16 [model_runner.py:375] Model loading took 86.18 GiB and 865.376354 seconds
2026-09-28T05:13:16.192Z PHASE LOAD -> PROFILE (min GiB in LOAD: spark1=14.41 spark2=15.51)
2026-09-28T05:13:18.999Z worker: (Worker_TP1 pid=334) INFO 09-28 05:13:18 [encoder_runner.py:119] Encoder cache will be initialized with a budget of 32242 tokens, and profiled with 1 video items of the maximum feature size.
2026-09-28T05:13:33.795Z head: (Worker_TP0 pid=391) INFO 09-28 05:13:33 [encoder_runner.py:119] Encoder cache will be initialized with a budget of 32242 tokens, and profiled with 1 video items of the maximum feature size.
2026-09-28T05:14:02.506Z head: (Worker_TP0 pid=391) 2026-09-28 05:13:50  [TileLang:tilelang.jit.kernel:INFO] (kernel.py:129): TileLang begins to compile kernel `mhc_pre_big_fuse_with_norm_tilelang` with `out_idx=None`
2026-09-28T05:14:02.506Z head: (Worker_TP0 pid=391) 2026-09-28 05:13:55  [TileLang:tilelang.jit.kernel:INFO] (kernel.py:129): TileLang begins to compile kernel `mhc_post_tilelang` with `out_idx=None`
2026-09-28T05:14:02.507Z worker: (Worker_TP1 pid=334) 2026-09-28 05:13:50  [TileLang:tilelang.jit.kernel:INFO] (kernel.py:129): TileLang begins to compile kernel `mhc_pre_big_fuse_with_norm_tilelang` with `out_idx=None`
2026-09-28T05:14:02.507Z worker: (Worker_TP1 pid=334) 2026-09-28 05:13:55  [TileLang:tilelang.jit.kernel:INFO] (kernel.py:129): TileLang begins to compile kernel `mhc_post_tilelang` with `out_idx=None`
2026-09-28T05:15:41.101Z worker: (Worker_TP1 pid=334) INFO 09-28 05:15:41 [gpu_worker.py:492] Initial free memory 110.9 GiB, reserved 4.14 GiB memory for KV Cache as specified by kv_cache_memory_bytes config and skipped memory profiling. This does not respect the gpu_memory_utilization config. Only use kv_cache_memory_bytes config 
2026-09-28T05:15:41.101Z PHASE PROFILE -> KV_READY (min GiB in PROFILE: spark1=12.33 spark2=11.51)
2026-09-28T05:15:41.151Z head: (Worker_TP0 pid=391) INFO 09-28 05:15:41 [gpu_worker.py:492] Initial free memory 109.65 GiB, reserved 4.14 GiB memory for KV Cache as specified by kv_cache_memory_bytes config and skipped memory profiling. This does not respect the gpu_memory_utilization config. Only use kv_cache_memory_bytes config
2026-09-28T05:15:41.237Z head: (EngineCore pid=319) INFO 09-28 05:15:41 [kv_cache_utils.py:2204] GPU KV cache size: 372,877 tokens, Maximum concurrency for 327,680 tokens per request: 1.14x
2026-09-28T05:18:04.563Z head: (Worker_TP0 pid=391) 2026-09-28 05:17:41  [TileLang:tilelang.jit.kernel:INFO] (kernel.py:129): TileLang begins to compile kernel `mhc_pre_big_fuse_with_norm_tilelang` with `out_idx=None`
2026-09-28T05:18:04.563Z head: (Worker_TP0 pid=391) 2026-09-28 05:17:46  [TileLang:tilelang.jit.kernel:INFO] (kernel.py:129): TileLang begins to compile kernel `mhc_fused_tilelang` with `out_idx=None`
2026-09-28T05:18:04.563Z head: (Worker_TP0 pid=391) 2026-09-28 05:17:47  [TileLang:tilelang.jit.kernel:INFO] (kernel.py:129): TileLang begins to compile kernel `mhc_pre_big_fuse_with_norm_tilelang` with `out_idx=None`
2026-09-28T05:18:04.563Z head: (Worker_TP0 pid=391) 2026-09-28 05:17:55  [TileLang:tilelang.jit.kernel:INFO] (kernel.py:129): TileLang begins to compile kernel `mhc_fused_tilelang` with `out_idx=None`
2026-09-28T05:18:04.563Z head: (Worker_TP0 pid=391) 2026-09-28 05:17:56  [TileLang:tilelang.jit.kernel:INFO] (kernel.py:129): TileLang begins to compile kernel `mhc_pre_big_fuse_with_norm_tilelang` with `out_idx=None`
2026-09-28T05:18:05.440Z worker: (Worker_TP1 pid=334) 2026-09-28 05:17:41  [TileLang:tilelang.jit.kernel:INFO] (kernel.py:129): TileLang begins to compile kernel `mhc_pre_big_fuse_with_norm_tilelang` with `out_idx=None`
2026-09-28T05:18:05.440Z worker: (Worker_TP1 pid=334) 2026-09-28 05:17:46  [TileLang:tilelang.jit.kernel:INFO] (kernel.py:129): TileLang begins to compile kernel `mhc_fused_tilelang` with `out_idx=None`
2026-09-28T05:18:05.440Z worker: (Worker_TP1 pid=334) 2026-09-28 05:17:47  [TileLang:tilelang.jit.kernel:INFO] (kernel.py:129): TileLang begins to compile kernel `mhc_pre_big_fuse_with_norm_tilelang` with `out_idx=None`
2026-09-28T05:18:05.440Z worker: (Worker_TP1 pid=334) 2026-09-28 05:17:55  [TileLang:tilelang.jit.kernel:INFO] (kernel.py:129): TileLang begins to compile kernel `mhc_fused_tilelang` with `out_idx=None`
2026-09-28T05:18:05.440Z worker: (Worker_TP1 pid=334) 2026-09-28 05:17:56  [TileLang:tilelang.jit.kernel:INFO] (kernel.py:129): TileLang begins to compile kernel `mhc_pre_big_fuse_with_norm_tilelang` with `out_idx=None`
2026-09-28T05:18:50.245Z head: (EngineCore pid=319) INFO 09-28 05:18:50 [core.py:363] init engine (profile, create kv cache, warmup model) took 333.32 s
2026-09-28T05:20:01.237Z head: (APIServer pid=1) INFO:     Application startup complete.
2026-09-28T05:20:02.981Z PHASE KV_READY -> SERVING (min GiB in KV_READY: spark1=8.10 spark2=9.40)
2026-09-28T05:36:39.468Z worker: (Worker_TP1 pid=334) 2026-09-28 05:24:54  [TileLang:tilelang.jit.kernel:INFO] (kernel.py:129): TileLang begins to compile kernel `mhc_pre_big_fuse_with_norm_tilelang` with `out_idx=None`
2026-09-28T05:36:43.035Z head: (Worker_TP0 pid=391) 2026-09-28 05:24:54  [TileLang:tilelang.jit.kernel:INFO] (kernel.py:129): TileLang begins to compile kernel `mhc_pre_big_fuse_with_norm_tilelang` with `out_idx=None`
2026-09-28T07:13:44.725Z worker: (Worker_TP1 pid=334) 2026-09-28 05:37:57  [TileLang:tilelang.jit.kernel:INFO] (kernel.py:129): TileLang begins to compile kernel `mhc_pre_big_fuse_with_norm_tilelang` with `out_idx=None`
2026-09-28T07:13:44.725Z worker: (Worker_TP1 pid=334) 2026-09-28 05:41:44  [TileLang:tilelang.jit.kernel:INFO] (kernel.py:129): TileLang begins to compile kernel `mhc_pre_big_fuse_with_norm_tilelang` with `out_idx=None`
2026-09-28T07:13:44.725Z worker: (Worker_TP1 pid=334) 2026-09-28 05:41:57  [TileLang:tilelang.jit.kernel:INFO] (kernel.py:129): TileLang begins to compile kernel `mhc_pre_big_fuse_with_norm_tilelang` with `out_idx=None`
2026-09-28T07:13:44.725Z worker: (Worker_TP1 pid=334) 2026-09-28 05:42:06  [TileLang:tilelang.jit.kernel:INFO] (kernel.py:129): TileLang begins to compile kernel `mhc_pre_big_fuse_with_norm_tilelang` with `out_idx=None`
2026-09-28T07:13:44.725Z worker: (Worker_TP1 pid=334) 2026-09-28 05:42:19  [TileLang:tilelang.jit.kernel:INFO] (kernel.py:129): TileLang begins to compile kernel `mhc_pre_big_fuse_with_norm_tilelang` with `out_idx=None`
2026-09-28T07:13:44.725Z worker: (Worker_TP1 pid=334) 2026-09-28 05:43:02  [TileLang:tilelang.jit.kernel:INFO] (kernel.py:129): TileLang begins to compile kernel `mhc_pre_big_fuse_with_norm_tilelang` with `out_idx=None`
2026-09-28T07:13:44.726Z worker: (Worker_TP1 pid=334) 2026-09-28 06:32:38  [TileLang:tilelang.jit.kernel:INFO] (kernel.py:129): TileLang begins to compile kernel `mhc_pre_big_fuse_with_norm_tilelang` with `out_idx=None`
2026-09-28T07:13:44.729Z head: (Worker_TP0 pid=391) 2026-09-28 05:37:57  [TileLang:tilelang.jit.kernel:INFO] (kernel.py:129): TileLang begins to compile kernel `mhc_pre_big_fuse_with_norm_tilelang` with `out_idx=None`
2026-09-28T07:13:44.729Z head: (Worker_TP0 pid=391) 2026-09-28 05:41:44  [TileLang:tilelang.jit.kernel:INFO] (kernel.py:129): TileLang begins to compile kernel `mhc_pre_big_fuse_with_norm_tilelang` with `out_idx=None`
2026-09-28T07:13:44.729Z head: (Worker_TP0 pid=391) 2026-09-28 05:41:57  [TileLang:tilelang.jit.kernel:INFO] (kernel.py:129): TileLang begins to compile kernel `mhc_pre_big_fuse_with_norm_tilelang` with `out_idx=None`
2026-09-28T07:13:44.729Z head: (Worker_TP0 pid=391) 2026-09-28 05:42:06  [TileLang:tilelang.jit.kernel:INFO] (kernel.py:129): TileLang begins to compile kernel `mhc_pre_big_fuse_with_norm_tilelang` with `out_idx=None`
2026-09-28T07:13:44.729Z head: (Worker_TP0 pid=391) 2026-09-28 05:42:19  [TileLang:tilelang.jit.kernel:INFO] (kernel.py:129): TileLang begins to compile kernel `mhc_pre_big_fuse_with_norm_tilelang` with `out_idx=None`
2026-09-28T07:13:44.729Z head: (Worker_TP0 pid=391) 2026-09-28 05:43:02  [TileLang:tilelang.jit.kernel:INFO] (kernel.py:129): TileLang begins to compile kernel `mhc_pre_big_fuse_with_norm_tilelang` with `out_idx=None`
2026-09-28T07:13:44.729Z head: (Worker_TP0 pid=391) 2026-09-28 06:32:38  [TileLang:tilelang.jit.kernel:INFO] (kernel.py:129): TileLang begins to compile kernel `mhc_pre_big_fuse_with_norm_tilelang` with `out_idx=None`
2026-09-28T07:19:21.577Z exit; min MemAvailable GiB per phase/node: LOAD/spark1=14.41 LOAD/spark2=15.51 PROFILE/spark1=12.33 PROFILE/spark2=11.51 KV_READY/spark1=8.10 KV_READY/spark2=9.40 SERVING/spark1=6.42 SERVING/spark2=12.29
